{
  "model_path": "models\\xgb_ranker.json",
  "label_horizon": 5,
  "basket_size": 10,
  "history_days": 200,
  "results": {
    "ml_model": {
      "evaluation_dates": 80,
      "mean_coverage": 100.0,
      "mean_top_return": 0.008348934505766948,
      "mean_bottom_return": 0.0011255743742044125,
      "mean_top_bottom_spread": 0.007223360131562535,
      "mean_rank_ic": 0.03499939953976207
    },
    "momentum": {
      "evaluation_dates": 80,
      "mean_coverage": 100.0,
      "mean_top_return": 0.006254454427488251,
      "mean_bottom_return": 0.010392076415679293,
      "mean_top_bottom_spread": -0.004137621988191042,
      "mean_rank_ic": -0.029054988207901387
    }
  }
}
