{
  "model_path": "models\\xgb_ranker.json",
  "label_horizon": 5,
  "basket_size": 10,
  "history_days": 200,
  "results": {
    "ml_model": {
      "evaluation_dates": 80,
      "mean_coverage": 100.0,
      "mean_top_return": 0.007130390449096876,
      "mean_bottom_return": 0.004529568312959205,
      "mean_top_bottom_spread": 0.0026008221361376706,
      "mean_rank_ic": 0.03077755290242885
    },
    "momentum": {
      "evaluation_dates": 80,
      "mean_coverage": 100.0,
      "mean_top_return": 0.006254454427488251,
      "mean_bottom_return": 0.010392076415679293,
      "mean_top_bottom_spread": -0.004137621988191042,
      "mean_rank_ic": -0.029054988207901387
    }
  }
}
