{
  "model_path": "models\\xgb_ranker.json",
  "label_horizon": 5,
  "basket_size": 10,
  "history_days": 200,
  "results": {
    "ml_model": {
      "evaluation_dates": 80,
      "mean_coverage": 100.0,
      "mean_top_return": 0.00694943706921865,
      "mean_bottom_return": 0.004516783252954257,
      "mean_top_bottom_spread": 0.0024326538162643923,
      "mean_rank_ic": 0.03224247123007792
    },
    "momentum": {
      "evaluation_dates": 80,
      "mean_coverage": 100.0,
      "mean_top_return": 0.006254454427488251,
      "mean_bottom_return": 0.010392076415679293,
      "mean_top_bottom_spread": -0.004137621988191042,
      "mean_rank_ic": -0.029054988207901387
    }
  }
}
