{
  "model_path": "models\\xgb_ranker.json",
  "label_horizon": 5,
  "basket_size": 10,
  "history_days": 200,
  "results": {
    "ml_model": {
      "evaluation_dates": 80,
      "mean_coverage": 100.0,
      "mean_top_return": 0.008274013798518262,
      "mean_bottom_return": 0.0028761131276890607,
      "mean_top_bottom_spread": 0.0053979006708292,
      "mean_rank_ic": 0.03603789337200317
    },
    "momentum": {
      "evaluation_dates": 80,
      "mean_coverage": 100.0,
      "mean_top_return": 0.006254454427488251,
      "mean_bottom_return": 0.010392076415679293,
      "mean_top_bottom_spread": -0.004137621988191042,
      "mean_rank_ic": -0.029054988207901387
    }
  }
}
