{
  "model_path": "models\\xgb_ranker.json",
  "label_horizon": 5,
  "basket_size": 10,
  "history_days": 200,
  "results": {
    "ml_model": {
      "evaluation_dates": 80,
      "mean_coverage": 100.0,
      "mean_top_return": 0.006969226057382495,
      "mean_bottom_return": 0.005294547274209968,
      "mean_top_bottom_spread": 0.0016746787831725253,
      "mean_rank_ic": 0.029920810498898665
    },
    "momentum": {
      "evaluation_dates": 80,
      "mean_coverage": 100.0,
      "mean_top_return": 0.006254454427488251,
      "mean_bottom_return": 0.010392076415679293,
      "mean_top_bottom_spread": -0.004137621988191042,
      "mean_rank_ic": -0.029054988207901387
    }
  }
}
