No .env file found. Using environment variables only.
2026-07-22 18:45:17,922 | Data feed: massive (local SQLite)
2026-07-22 18:45:17,922 | PaperBroker initialized with $100000
2026-07-22 18:45:17,923 | RiskLimits: pos=10% exposure=$50000 order=$10000 max_pos=10 cash=$5000 daily_loss=$-2000
2026-07-22 18:45:17,923 | Strategy 'ml_model' initialized: {'model_path': 'models/xgb_ranker.json', 'top_n': 10, 'entry_threshold': 0.0, 'exit_rank': 10, 'rebalance_interval': 1440}
2026-07-22 18:45:17,992 | Loaded model from models/xgb_ranker.json
2026-07-22 18:45:17,992 | Fetching 100 symbols (2026-03-24 -> 2026-07-22)...
2026-07-22 18:45:18,109 | Got 100 symbols
2026-07-22 18:45:18,692 | Day 1/82  equity=$100,000  P&L=$+0
2026-07-22 18:45:24,471 | Day 11/82  equity=$100,000  P&L=$+0
2026-07-22 18:45:30,262 | Day 21/82  equity=$100,000  P&L=$+0
2026-07-22 18:45:36,161 | Day 31/82  equity=$100,000  P&L=$+0
2026-07-22 18:45:42,159 | Day 41/82  equity=$100,000  P&L=$+0
2026-07-22 18:45:47,704 | Model rankings: [('ADSK', '0.0529'), ('EL', '0.0519'), ('BSX', '0.0507'), ('ACN', '0.0475'), ('ALB', '0.0466'), ('CTSH', '0.0365'), ('CCL', '0.0356'), ('BA', '0.0333'), ('ALGN', '0.0282'), ('CME', '0.0264')]
2026-07-22 18:45:47,705 | Day 2026-06-03 signals: 10
2026-07-22 18:45:47,705 |   ADSK BUY strength=1.00
2026-07-22 18:45:47,705 |   EL BUY strength=0.99
2026-07-22 18:45:47,705 |   BSX BUY strength=0.98
2026-07-22 18:45:47,705 | Paper fill: buy 43 ADSK @ $229.60
2026-07-22 18:45:47,705 | Paper fill: buy 120 EL @ $82.05
2026-07-22 18:45:47,705 | Paper fill: buy 205 BSX @ $47.69
2026-07-22 18:45:47,705 | Paper fill: buy 54 ACN @ $177.43
2026-07-22 18:45:47,705 | Paper fill: buy 57 ALB @ $168.34
2026-07-22 18:45:47,705 | Paper fill: buy 177 CTSH @ $53.51
2026-07-22 18:45:47,705 | Paper fill: buy 345 CCL @ $27.17
2026-07-22 18:45:47,705 | Paper fill: buy 44 BA @ $210.58
2026-07-22 18:45:47,705 | Paper fill: buy 56 ALGN @ $161.71
2026-07-22 18:45:47,705 | Paper fill: buy 36 CME @ $252.64
2026-07-22 18:45:48,372 | Model rankings: [('ALB', '0.0540'), ('EL', '0.0492'), ('ADSK', '0.0456'), ('CTSH', '0.0447'), ('ACN', '0.0399'), ('BBY', '0.0394'), ('BSX', '0.0394'), ('CPRT', '0.0392'), ('DLTR', '0.0349'), ('CASY', '0.0303')]
2026-07-22 18:45:48,373 | Day 2026-06-04 signals: 14
2026-07-22 18:45:48,373 |   BA CLOSE strength=1.00
2026-07-22 18:45:48,373 |   CME CLOSE strength=1.00
2026-07-22 18:45:48,373 |   CCL CLOSE strength=1.00
2026-07-22 18:45:48,373 | Paper fill: sell 44 BA @ $217.42
2026-07-22 18:45:48,373 | Paper fill: sell 36 CME @ $256.06
2026-07-22 18:45:48,373 | Paper fill: sell 345 CCL @ $27.85
2026-07-22 18:45:48,373 | Paper fill: sell 56 ALGN @ $168.29
2026-07-22 18:45:48,373 | Day 51/82  equity=$101,445  P&L=$+1445
2026-07-22 18:45:49,081 | Model rankings: [('AMD', '0.1262'), ('APH', '0.0597'), ('ADI', '0.0583'), ('ALB', '0.0559'), ('ACN', '0.0524'), ('AMAT', '0.0479'), ('ADSK', '0.0461'), ('ADBE', '0.0461'), ('CTSH', '0.0441'), ('BSX', '0.0437')]
2026-07-22 18:45:49,081 | Day 2026-06-05 signals: 11
2026-07-22 18:45:49,082 |   EL CLOSE strength=1.00
2026-07-22 18:45:49,082 |   AMD BUY strength=1.00
2026-07-22 18:45:49,082 |   APH BUY strength=0.99
2026-07-22 18:45:49,082 | Paper fill: sell 120 EL @ $83.49
2026-07-22 18:45:49,082 | Paper fill: buy 4 AMD @ $466.38
2026-07-22 18:45:49,082 | Paper fill: buy 16 APH @ $138.81
2026-07-22 18:45:49,082 | Paper fill: buy 5 ADI @ $401.39
2026-07-22 18:45:49,082 | Paper fill: buy 4 AMAT @ $453.01
2026-07-22 18:45:49,082 | Paper fill: buy 8 ADBE @ $251.44
2026-07-22 18:45:49,082 | Paper fill: buy 15 AKAM @ $149.32
2026-07-22 18:45:49,082 | Paper fill: buy 61 APA @ $36.57
2026-07-22 18:45:49,082 | Paper fill: buy 20 DLTR @ $108.80
2026-07-22 18:45:49,082 | Paper fill: buy 72 CPRT @ $30.96
2026-07-22 18:45:49,082 | Paper fill: buy 20 DECK @ $108.13
2026-07-22 18:45:49,755 | Model rankings: [('AMD', '0.0835'), ('ALB', '0.0692'), ('AKAM', '0.0604'), ('ADBE', '0.0574'), ('ACN', '0.0566'), ('ADSK', '0.0539'), ('CTSH', '0.0435'), ('CCL', '0.0421'), ('ADI', '0.0385'), ('DLTR', '0.0354')]
2026-07-22 18:45:49,756 | Day 2026-06-08 signals: 16
2026-07-22 18:45:49,756 |   BSX CLOSE strength=1.00
2026-07-22 18:45:49,756 |   AMAT CLOSE strength=1.00
2026-07-22 18:45:49,756 |   APA CLOSE strength=1.00
2026-07-22 18:45:49,756 | Paper fill: sell 205 BSX @ $48.70
2026-07-22 18:45:49,756 | Paper fill: sell 4 AMAT @ $492.17
2026-07-22 18:45:49,756 | Paper fill: sell 61 APA @ $37.66
2026-07-22 18:45:49,756 | Paper fill: sell 20 DECK @ $109.73
2026-07-22 18:45:49,756 | Paper fill: sell 16 APH @ $143.60
2026-07-22 18:45:49,756 | Paper fill: sell 72 CPRT @ $30.86
2026-07-22 18:45:50,458 | Model rankings: [('AMD', '0.1376'), ('ADBE', '0.0607'), ('AKAM', '0.0604'), ('ACN', '0.0581'), ('ADSK', '0.0539'), ('ADI', '0.0507'), ('ALB', '0.0506'), ('CTSH', '0.0390'), ('CSCO', '0.0383'), ('APA', '0.0374')]
2026-07-22 18:45:50,458 | Day 2026-06-09 signals: 11
2026-07-22 18:45:50,458 |   DLTR CLOSE strength=1.00
2026-07-22 18:45:50,458 |   CSCO BUY strength=0.92
2026-07-22 18:45:50,458 |   APA BUY strength=0.91
2026-07-22 18:45:50,458 | Paper fill: sell 20 DLTR @ $112.15
2026-07-22 18:45:50,459 | Paper fill: buy 41 CSCO @ $120.36
2026-07-22 18:45:50,459 | Paper fill: buy 137 APA @ $36.61
2026-07-22 18:45:50,459 | Paper fill: buy 113 DVN @ $44.07
2026-07-22 18:45:50,459 | Paper fill: buy 58 EL @ $86.56
2026-07-22 18:45:50,459 | Paper fill: buy 29 EFX @ $168.37
2026-07-22 18:45:50,459 | Paper fill: buy 20 AMZN @ $244.19
2026-07-22 18:45:50,459 | Paper fill: buy 23 BA @ $214.51
2026-07-22 18:45:50,459 | Paper fill: buy 17 AAPL @ $290.55
2026-07-22 18:45:50,459 | Paper fill: buy 66 BBY @ $75.12
2026-07-22 18:45:50,459 | Paper fill: buy 210 CMCSA @ $23.85
2026-07-22 18:45:51,202 | Model rankings: [('AMD', '0.1307'), ('ALB', '0.0712'), ('AKAM', '0.0686'), ('ADI', '0.0571'), ('ADBE', '0.0540'), ('ACN', '0.0405'), ('ADSK', '0.0397'), ('DLTR', '0.0386'), ('CAT', '0.0374'), ('CCL', '0.0360')]
2026-07-22 18:45:51,203 | Day 2026-06-10 signals: 21
2026-07-22 18:45:51,203 |   AMZN CLOSE strength=1.00
2026-07-22 18:45:51,203 |   BA CLOSE strength=1.00
2026-07-22 18:45:51,203 |   AAPL CLOSE strength=1.00
2026-07-22 18:45:51,203 | Paper fill: sell 20 AMZN @ $238.00
2026-07-22 18:45:51,203 | Paper fill: sell 23 BA @ $209.00
2026-07-22 18:45:51,203 | Paper fill: sell 17 AAPL @ $291.58
2026-07-22 18:45:51,203 | Paper fill: sell 210 CMCSA @ $23.97
2026-07-22 18:45:51,203 | Paper fill: sell 66 BBY @ $75.64
2026-07-22 18:45:51,203 | Paper fill: sell 177 CTSH @ $51.81
2026-07-22 18:45:51,203 | Paper fill: sell 58 EL @ $85.39
2026-07-22 18:45:51,203 | Paper fill: sell 41 CSCO @ $118.80
2026-07-22 18:45:51,203 | Paper fill: sell 29 EFX @ $166.06
2026-07-22 18:45:51,203 | Paper fill: sell 137 APA @ $38.00
2026-07-22 18:45:51,203 | Paper fill: sell 113 DVN @ $46.60
2026-07-22 18:45:51,894 | Model rankings: [('AMD', '0.0835'), ('ADBE', '0.0692'), ('ADSK', '0.0669'), ('ACN', '0.0517'), ('CSGP', '0.0515'), ('EFX', '0.0503'), ('ALB', '0.0335'), ('BSX', '0.0333'), ('AKAM', '0.0332'), ('A', '0.0326')]
2026-07-22 18:45:51,894 | Day 2026-06-11 signals: 11
2026-07-22 18:45:51,894 |   ADI CLOSE strength=1.00
2026-07-22 18:45:51,894 |   CSGP BUY strength=0.96
2026-07-22 18:45:51,894 |   EFX BUY strength=0.95
2026-07-22 18:45:51,894 | Paper fill: sell 5 ADI @ $412.13
2026-07-22 18:45:51,894 | Paper fill: buy 291 CSGP @ $32.65
2026-07-22 18:45:51,894 | Paper fill: buy 59 EFX @ $159.58
2026-07-22 18:45:51,894 | Paper fill: buy 195 BSX @ $47.17
2026-07-22 18:45:51,894 | Paper fill: buy 69 A @ $129.55
2026-07-22 18:45:51,894 | Paper fill: buy 242 APA @ $36.78
2026-07-22 18:45:51,894 | Paper fill: buy 197 DVN @ $44.61
2026-07-22 18:45:51,894 | Paper fill: buy 170 CTSH @ $51.18
2026-07-22 18:45:51,894 | Insufficient cash for 70 CSCO ($8,528 > $3,046)
2026-07-22 18:45:51,894 | Insufficient cash for 108 ADM ($8,521 > $3,046)
2026-07-22 18:45:51,894 | Insufficient cash for 66 BG ($8,268 > $3,046)
2026-07-22 18:45:52,593 | Model rankings: [('ADBE', '0.0991'), ('ADSK', '0.0692'), ('AMD', '0.0600'), ('BSX', '0.0374'), ('ACN', '0.0373'), ('AKAM', '0.0355'), ('CSGP', '0.0296'), ('EFX', '0.0292'), ('CSCO', '0.0285'), ('CRL', '0.0285')]
2026-07-22 18:45:52,593 | Day 2026-06-12 signals: 15
2026-07-22 18:45:52,593 |   ALB CLOSE strength=1.00
2026-07-22 18:45:52,593 |   CTSH CLOSE strength=1.00
2026-07-22 18:45:52,593 |   A CLOSE strength=1.00
2026-07-22 18:45:52,593 | Paper fill: sell 57 ALB @ $170.42
2026-07-22 18:45:52,593 | Paper fill: sell 170 CTSH @ $52.17
2026-07-22 18:45:52,593 | Paper fill: sell 69 A @ $129.84
2026-07-22 18:45:52,593 | Paper fill: sell 242 APA @ $37.02
2026-07-22 18:45:52,593 | Paper fill: sell 197 DVN @ $45.31
2026-07-22 18:45:53,322 | Model rankings: [('ADBE', '0.0625'), ('ACN', '0.0559'), ('CSGP', '0.0544'), ('APA', '0.0532'), ('CTSH', '0.0531'), ('AKAM', '0.0513'), ('ADSK', '0.0493'), ('ARE', '0.0350'), ('DVN', '0.0337'), ('EFX', '0.0321')]
2026-07-22 18:45:53,323 | Day 2026-06-15 signals: 12
2026-07-22 18:45:53,323 |   BSX CLOSE strength=1.00
2026-07-22 18:45:53,323 |   AMD CLOSE strength=1.00
2026-07-22 18:45:53,323 |   APA BUY strength=0.97
2026-07-22 18:45:53,323 | Paper fill: sell 195 BSX @ $46.76
2026-07-22 18:45:53,323 | Paper fill: sell 4 AMD @ $547.26
2026-07-22 18:45:53,323 | Paper fill: buy 279 APA @ $34.77
2026-07-22 18:45:53,323 | Paper fill: buy 189 CTSH @ $50.82
2026-07-22 18:45:53,323 | Paper fill: buy 177 ARE @ $52.38
2026-07-22 18:45:53,323 | Paper fill: buy 211 DVN @ $43.53
2026-07-22 18:45:53,323 | Paper fill: buy 75 CSCO @ $120.17
2026-07-22 18:45:53,323 | Paper fill: buy 78 DLTR @ $112.88
2026-07-22 18:45:53,323 | Insufficient cash for 112 BBY ($8,670 > $4,201)
2026-07-22 18:45:53,323 | Insufficient cash for 284 CPRT ($8,605 > $4,201)
2026-07-22 18:45:53,323 | Insufficient cash for 45 CRL ($8,481 > $4,201)
2026-07-22 18:45:53,323 | Insufficient cash for 94 CCI ($8,342 > $4,201)
2026-07-22 18:45:54,068 | Model rankings: [('AMD', '0.1124'), ('AKAM', '0.0573'), ('CSGP', '0.0506'), ('ARE', '0.0499'), ('ACN', '0.0494'), ('DLTR', '0.0490'), ('CRL', '0.0478'), ('ADBE', '0.0415'), ('APA', '0.0407'), ('BBY', '0.0367')]
2026-07-22 18:45:54,069 | Day 2026-06-16 signals: 15
2026-07-22 18:45:54,069 |   CTSH CLOSE strength=1.00
2026-07-22 18:45:54,069 |   ADSK CLOSE strength=1.00
2026-07-22 18:45:54,069 |   CSCO CLOSE strength=1.00
2026-07-22 18:45:54,069 | Paper fill: sell 189 CTSH @ $51.05
2026-07-22 18:45:54,069 | Paper fill: sell 43 ADSK @ $201.38
2026-07-22 18:45:54,069 | Paper fill: sell 75 CSCO @ $119.57
2026-07-22 18:45:54,069 | Paper fill: sell 59 EFX @ $167.13
2026-07-22 18:45:54,069 | Paper fill: sell 211 DVN @ $42.89
2026-07-22 18:45:54,779 | Model rankings: [('ADBE', '0.0637'), ('ADSK', '0.0596'), ('EFX', '0.0591'), ('ARE', '0.0590'), ('ACN', '0.0559'), ('CSGP', '0.0559'), ('CTSH', '0.0529'), ('DLTR', '0.0481'), ('AKAM', '0.0472'), ('DVN', '0.0332')]
2026-07-22 18:45:54,780 | Day 2026-06-17 signals: 11
2026-07-22 18:45:54,780 |   APA CLOSE strength=1.00
2026-07-22 18:45:54,780 |   ADSK BUY strength=0.99
2026-07-22 18:45:54,780 |   EFX BUY strength=0.98
2026-07-22 18:45:54,780 | Paper fill: sell 279 APA @ $33.93
2026-07-22 18:45:54,780 | Paper fill: buy 51 ADSK @ $193.07
2026-07-22 18:45:54,780 | Paper fill: buy 63 EFX @ $154.84
2026-07-22 18:45:54,780 | Paper fill: buy 191 CTSH @ $48.82
2026-07-22 18:45:54,780 | Paper fill: buy 212 DVN @ $42.58
2026-07-22 18:45:54,780 | Paper fill: buy 107 EL @ $82.46
2026-07-22 18:45:54,780 | Paper fill: buy 195 BSX @ $44.95
2026-07-22 18:45:54,780 | Insufficient cash for 81 DECK ($8,563 > $4,312)
2026-07-22 18:45:54,780 | Insufficient cash for 73 BG ($8,478 > $4,312)
2026-07-22 18:45:54,780 | Insufficient cash for 436 BAX ($8,454 > $4,312)
2026-07-22 18:45:54,780 | Insufficient cash for 283 CPRT ($8,354 > $4,312)
2026-07-22 18:45:55,530 | Model rankings: [('ACN', '0.2683'), ('CTSH', '0.0614'), ('AKAM', '0.0503'), ('EFX', '0.0462'), ('ADSK', '0.0424'), ('CSGP', '0.0383'), ('APA', '0.0373'), ('ADBE', '0.0343'), ('BG', '0.0311'), ('CME', '0.0287')]
2026-07-22 18:45:55,531 | Day 2026-06-18 signals: 15
2026-07-22 18:45:55,531 |   DLTR CLOSE strength=1.00
2026-07-22 18:45:55,531 |   BSX CLOSE strength=1.00
2026-07-22 18:45:55,531 |   EL CLOSE strength=1.00
2026-07-22 18:45:55,531 | Paper fill: sell 78 DLTR @ $111.65
2026-07-22 18:45:55,531 | Paper fill: sell 195 BSX @ $45.29
2026-07-22 18:45:55,531 | Paper fill: sell 107 EL @ $84.81
2026-07-22 18:45:55,531 | Paper fill: sell 177 ARE @ $51.03
2026-07-22 18:45:55,531 | Paper fill: sell 212 DVN @ $42.12
2026-07-22 18:45:55,531 | Day 61/82  equity=$95,928  P&L=$-4072
2026-07-22 18:45:56,200 | Model rankings: [('ACN', '0.2286'), ('CTSH', '0.0614'), ('ADSK', '0.0567'), ('AKAM', '0.0559'), ('CSGP', '0.0559'), ('ADBE', '0.0469'), ('ARE', '0.0393'), ('ALB', '0.0362'), ('EFX', '0.0310'), ('BG', '0.0268')]
2026-07-22 18:45:56,200 | Day 2026-06-22 signals: 10
2026-07-22 18:45:56,200 |   ARE BUY strength=0.94
2026-07-22 18:45:56,200 |   ALB BUY strength=0.93
2026-07-22 18:45:56,200 |   BG BUY strength=0.91
2026-07-22 18:45:56,938 | Model rankings: [('AMD', '0.1039'), ('CTSH', '0.0722'), ('ALB', '0.0596'), ('ACN', '0.0535'), ('ADI', '0.0523'), ('AKAM', '0.0510'), ('ADSK', '0.0491'), ('ADBE', '0.0491'), ('EFX', '0.0441'), ('CSGP', '0.0439')]
2026-07-22 18:45:56,939 | Day 2026-06-23 signals: 10
2026-07-22 18:45:56,939 |   AMD BUY strength=1.00
2026-07-22 18:45:56,939 |   ALB BUY strength=0.98
2026-07-22 18:45:56,939 |   ADI BUY strength=0.96
2026-07-22 18:45:57,649 | Model rankings: [('ACN', '0.0680'), ('AMD', '0.0678'), ('CTSH', '0.0621'), ('ALB', '0.0596'), ('CASY', '0.0577'), ('ADBE', '0.0551'), ('CSGP', '0.0547'), ('AKAM', '0.0491'), ('CCL', '0.0438'), ('ADSK', '0.0431')]
2026-07-22 18:45:57,650 | Day 2026-06-24 signals: 11
2026-07-22 18:45:57,650 |   EFX CLOSE strength=1.00
2026-07-22 18:45:57,650 |   AMD BUY strength=0.99
2026-07-22 18:45:57,650 |   ALB BUY strength=0.97
2026-07-22 18:45:57,650 | Paper fill: sell 63 EFX @ $157.61
2026-07-22 18:45:58,393 | Model rankings: [('CTSH', '0.0614'), ('ALB', '0.0602'), ('ACN', '0.0596'), ('AKAM', '0.0582'), ('CSGP', '0.0561'), ('CCL', '0.0557'), ('ADBE', '0.0517'), ('CASY', '0.0505'), ('ADSK', '0.0384'), ('EFX', '0.0340')]
2026-07-22 18:45:58,393 | Day 2026-06-25 signals: 10
2026-07-22 18:45:58,394 |   ALB BUY strength=0.99
2026-07-22 18:45:58,394 |   CCL BUY strength=0.95
2026-07-22 18:45:58,394 |   CASY BUY strength=0.93
2026-07-22 18:45:59,084 | Model rankings: [('ALB', '0.0614'), ('ADI', '0.0607'), ('CASY', '0.0526'), ('CTSH', '0.0526'), ('AKAM', '0.0379'), ('AMD', '0.0371'), ('CME', '0.0333'), ('CCL', '0.0309'), ('EL', '0.0296'), ('APA', '0.0289')]
2026-07-22 18:45:59,085 | Day 2026-06-26 signals: 14
2026-07-22 18:45:59,085 |   ACN CLOSE strength=1.00
2026-07-22 18:45:59,085 |   ADBE CLOSE strength=1.00
2026-07-22 18:45:59,085 |   ADSK CLOSE strength=1.00
2026-07-22 18:45:59,085 | Paper fill: sell 54 ACN @ $128.98
2026-07-22 18:45:59,085 | Paper fill: sell 8 ADBE @ $202.73
2026-07-22 18:45:59,085 | Paper fill: sell 51 ADSK @ $196.26
2026-07-22 18:45:59,085 | Paper fill: sell 291 CSGP @ $30.25
2026-07-22 18:45:59,828 | Model rankings: [('CTSH', '0.0614'), ('ALB', '0.0582'), ('ACN', '0.0566'), ('CSGP', '0.0490'), ('AKAM', '0.0487'), ('CASY', '0.0484'), ('CCL', '0.0458'), ('ADI', '0.0457'), ('DECK', '0.0351'), ('CCI', '0.0344')]
2026-07-22 18:45:59,829 | Day 2026-06-29 signals: 10
2026-07-22 18:45:59,829 |   ALB BUY strength=0.99
2026-07-22 18:45:59,829 |   ACN BUY strength=0.98
2026-07-22 18:45:59,829 |   CSGP BUY strength=0.97
2026-07-22 18:46:00,525 | Model rankings: [('CSGP', '0.0591'), ('ALB', '0.0539'), ('ALGN', '0.0501'), ('CCL', '0.0476'), ('CCI', '0.0384'), ('CTSH', '0.0373'), ('ADI', '0.0341'), ('DECK', '0.0333'), ('ACN', '0.0332'), ('APA', '0.0317')]
2026-07-22 18:46:00,525 | Day 2026-06-30 signals: 11
2026-07-22 18:46:00,525 |   AKAM CLOSE strength=1.00
2026-07-22 18:46:00,525 |   CSGP BUY strength=1.00
2026-07-22 18:46:00,525 |   ALB BUY strength=0.99
2026-07-22 18:46:00,525 | Paper fill: sell 15 AKAM @ $118.21
2026-07-22 18:46:01,241 | Model rankings: [('AMAT', '0.0816'), ('ADI', '0.0596'), ('AKAM', '0.0573'), ('ALB', '0.0508'), ('CCL', '0.0443'), ('CSGP', '0.0431'), ('CAT', '0.0349'), ('AMD', '0.0335'), ('CTSH', '0.0305'), ('DHI', '0.0303')]
2026-07-22 18:46:01,242 | Day 2026-07-01 signals: 10
2026-07-22 18:46:01,242 |   AMAT BUY strength=1.00
2026-07-22 18:46:01,242 |   ADI BUY strength=0.99
2026-07-22 18:46:01,242 |   AKAM BUY strength=0.98
2026-07-22 18:46:01,941 | Model rankings: [('AMAT', '0.2507'), ('ADI', '0.0614'), ('AMD', '0.0590'), ('CAT', '0.0590'), ('ALB', '0.0562'), ('CCL', '0.0537'), ('AKAM', '0.0487'), ('CCI', '0.0357'), ('APH', '0.0308'), ('CSGP', '0.0284')]
2026-07-22 18:46:01,942 | Day 2026-07-02 signals: 11
2026-07-22 18:46:01,942 |   CTSH CLOSE strength=1.00
2026-07-22 18:46:01,942 |   AMAT BUY strength=1.00
2026-07-22 18:46:01,942 |   ADI BUY strength=0.99
2026-07-22 18:46:01,942 | Paper fill: sell 191 CTSH @ $41.99
2026-07-22 18:46:02,678 | Model rankings: [('AMAT', '0.2013'), ('CSGP', '0.0591'), ('CCL', '0.0528'), ('AKAM', '0.0472'), ('ALB', '0.0434'), ('CAT', '0.0425'), ('ADI', '0.0419'), ('CCI', '0.0409'), ('ARE', '0.0404'), ('AMT', '0.0304')]
2026-07-22 18:46:02,678 | Day 2026-07-06 signals: 10
2026-07-22 18:46:02,679 |   AMAT BUY strength=1.00
2026-07-22 18:46:02,679 |   CSGP BUY strength=0.99
2026-07-22 18:46:02,679 |   CCL BUY strength=0.98
2026-07-22 18:46:02,679 | Day 71/82  equity=$96,010  P&L=$-3990
2026-07-22 18:46:03,366 | Model rankings: [('AMAT', '0.2142'), ('AMD', '0.1209'), ('ALB', '0.0703'), ('CCL', '0.0582'), ('APH', '0.0549'), ('ADI', '0.0430'), ('CAT', '0.0424'), ('ARE', '0.0375'), ('AKAM', '0.0370'), ('CMCSA', '0.0280')]
2026-07-22 18:46:03,366 | Day 2026-07-07 signals: 10
2026-07-22 18:46:03,366 |   AMAT BUY strength=1.00
2026-07-22 18:46:03,366 |   AMD BUY strength=0.99
2026-07-22 18:46:03,367 |   ALB BUY strength=0.98
2026-07-22 18:46:04,148 | Model rankings: [('AMAT', '0.1720'), ('CCL', '0.0607'), ('ALB', '0.0479'), ('ALGN', '0.0444'), ('ARE', '0.0365'), ('DHI', '0.0336'), ('APH', '0.0317'), ('CAT', '0.0317'), ('ADI', '0.0305'), ('AMD', '0.0289')]
2026-07-22 18:46:04,149 | Day 2026-07-08 signals: 10
2026-07-22 18:46:04,149 |   AMAT BUY strength=1.00
2026-07-22 18:46:04,149 |   CCL BUY strength=0.99
2026-07-22 18:46:04,149 |   ALB BUY strength=0.98
2026-07-22 18:46:04,869 | Model rankings: [('AMAT', '0.1604'), ('ALB', '0.0645'), ('CAT', '0.0547'), ('APH', '0.0438'), ('CCL', '0.0340'), ('ARE', '0.0299'), ('BF.B', '0.0254'), ('DHI', '0.0249'), ('ADI', '0.0232'), ('CPRT', '0.0230')]
2026-07-22 18:46:04,869 | Day 2026-07-09 signals: 10
2026-07-22 18:46:04,869 |   AMAT BUY strength=1.00
2026-07-22 18:46:04,869 |   ALB BUY strength=0.99
2026-07-22 18:46:04,869 |   CAT BUY strength=0.98
2026-07-22 18:46:05,849 | Model rankings: [('AMAT', '0.0892'), ('ALB', '0.0783'), ('CSGP', '0.0614'), ('APH', '0.0537'), ('CCL', '0.0482'), ('CPRT', '0.0384'), ('ARE', '0.0366'), ('AKAM', '0.0294'), ('DE', '0.0241'), ('DHI', '0.0222')]
2026-07-22 18:46:05,849 | Day 2026-07-10 signals: 10
2026-07-22 18:46:05,849 |   AMAT BUY strength=1.00
2026-07-22 18:46:05,850 |   ALB BUY strength=0.99
2026-07-22 18:46:05,850 |   CSGP BUY strength=0.98
2026-07-22 18:46:07,212 | Model rankings: [('AMAT', '0.1383'), ('AMD', '0.1362'), ('ALB', '0.0631'), ('APH', '0.0581'), ('CAT', '0.0576'), ('CCL', '0.0525'), ('ADI', '0.0465'), ('CSGP', '0.0375'), ('CPRT', '0.0350'), ('ARE', '0.0313')]
2026-07-22 18:46:07,213 | Day 2026-07-13 signals: 10
2026-07-22 18:46:07,213 |   AMAT BUY strength=1.00
2026-07-22 18:46:07,213 |   AMD BUY strength=0.99
2026-07-22 18:46:07,213 |   ALB BUY strength=0.98
2026-07-22 18:46:08,169 | Model rankings: [('AMAT', '0.0860'), ('AMD', '0.0690'), ('CSGP', '0.0448'), ('CAT', '0.0372'), ('ARE', '0.0313'), ('CPRT', '0.0313'), ('BF.B', '0.0296'), ('BSX', '0.0283'), ('BAX', '0.0251'), ('DHI', '0.0246')]
2026-07-22 18:46:08,170 | Day 2026-07-14 signals: 10
2026-07-22 18:46:08,170 |   AMAT BUY strength=1.00
2026-07-22 18:46:08,170 |   AMD BUY strength=0.99
2026-07-22 18:46:08,170 |   CSGP BUY strength=0.98
2026-07-22 18:46:08,959 | Model rankings: [('AMAT', '0.1132'), ('AMD', '0.0946'), ('ALB', '0.0616'), ('AKAM', '0.0489'), ('CSGP', '0.0474'), ('CAT', '0.0428'), ('APH', '0.0393'), ('CSCO', '0.0314'), ('CPRT', '0.0277'), ('BF.B', '0.0254')]
2026-07-22 18:46:08,959 | Day 2026-07-15 signals: 10
2026-07-22 18:46:08,959 |   AMAT BUY strength=1.00
2026-07-22 18:46:08,959 |   AMD BUY strength=0.99
2026-07-22 18:46:08,959 |   ALB BUY strength=0.98
2026-07-22 18:46:09,764 | Model rankings: [('AMAT', '0.1962'), ('AMD', '0.1584'), ('CAT', '0.0652'), ('ALB', '0.0628'), ('AKAM', '0.0581'), ('APH', '0.0547'), ('ALGN', '0.0504'), ('ADI', '0.0428'), ('CSCO', '0.0332'), ('CI', '0.0261')]
2026-07-22 18:46:09,765 | Day 2026-07-16 signals: 10
2026-07-22 18:46:09,765 |   AMAT BUY strength=1.00
2026-07-22 18:46:09,765 |   AMD BUY strength=0.99
2026-07-22 18:46:09,765 |   CAT BUY strength=0.98
2026-07-22 18:46:11,422 | Model rankings: [('AMAT', '0.1840'), ('AMD', '0.1390'), ('ALGN', '0.0477'), ('ALB', '0.0409'), ('APH', '0.0343'), ('CAT', '0.0333'), ('AKAM', '0.0320'), ('CSGP', '0.0294'), ('ADI', '0.0268'), ('CSCO', '0.0248')]
2026-07-22 18:46:11,422 | Day 2026-07-17 signals: 10
2026-07-22 18:46:11,422 |   AMAT BUY strength=1.00
2026-07-22 18:46:11,423 |   AMD BUY strength=0.99
2026-07-22 18:46:11,423 |   ALGN BUY strength=0.98
2026-07-22 18:46:12,270 | Model rankings: [('AMAT', '0.1711'), ('AMD', '0.1363'), ('ALB', '0.0628'), ('CAT', '0.0574'), ('APH', '0.0487'), ('ALGN', '0.0361'), ('ADI', '0.0313'), ('CSCO', '0.0301'), ('CCL', '0.0284'), ('BAX', '0.0283')]
2026-07-22 18:46:12,271 | Day 2026-07-20 signals: 10
2026-07-22 18:46:12,271 |   AMAT BUY strength=1.00
2026-07-22 18:46:12,271 |   AMD BUY strength=0.99
2026-07-22 18:46:12,271 |   ALB BUY strength=0.98
2026-07-22 18:46:12,271 | Day 81/82  equity=$96,010  P&L=$-3990
2026-07-22 18:46:13,067 | Model rankings: [('AMAT', '0.1237'), ('AMD', '0.0625'), ('CSGP', '0.0456'), ('ALB', '0.0397'), ('CAT', '0.0360'), ('DHR', '0.0344'), ('CTSH', '0.0320'), ('ADBE', '0.0310'), ('DHI', '0.0277'), ('AKAM', '0.0265')]
2026-07-22 18:46:13,067 | Day 2026-07-21 signals: 10
2026-07-22 18:46:13,067 |   AMAT BUY strength=1.00
2026-07-22 18:46:13,067 |   AMD BUY strength=0.99
2026-07-22 18:46:13,068 |   CSGP BUY strength=0.98
2026-07-22 18:46:13,068 | ==================================================
2026-07-22 18:46:13,068 | BACKTEST COMPLETE
2026-07-22 18:46:13,068 |   Final equity: $96,009.85
2026-07-22 18:46:13,068 |   Return:       -3.99%
2026-07-22 18:46:13,068 |   Cash:         $96,009.85
2026-07-22 18:46:13,068 | ==================================================
