No .env file found. Using environment variables only.
2026-07-22 18:45:19,107 | Data feed: massive (local SQLite)
2026-07-22 18:45:19,107 | PaperBroker initialized with $100000
2026-07-22 18:45:19,108 | RiskLimits: pos=10% exposure=$50000 order=$10000 max_pos=10 cash=$5000 daily_loss=$-2000
2026-07-22 18:45:19,108 | Strategy 'ml_model' initialized: {'model_path': 'models/xgb_ranker.json', 'top_n': 5, 'entry_threshold': 0.0, 'exit_rank': 10, 'rebalance_interval': 1440}
2026-07-22 18:45:19,179 | Loaded model from models/xgb_ranker.json
2026-07-22 18:45:19,180 | Fetching 100 symbols (2026-03-24 -> 2026-07-22)...
2026-07-22 18:45:19,289 | Got 100 symbols
2026-07-22 18:45:19,852 | Day 1/82  equity=$100,000  P&L=$+0
2026-07-22 18:45:25,699 | Day 11/82  equity=$100,000  P&L=$+0
2026-07-22 18:45:31,566 | Day 21/82  equity=$100,000  P&L=$+0
2026-07-22 18:45:37,523 | Day 31/82  equity=$100,000  P&L=$+0
2026-07-22 18:45:43,570 | Day 41/82  equity=$100,000  P&L=$+0
2026-07-22 18:45:49,188 | Model rankings: [('ADSK', '0.0529'), ('EL', '0.0519'), ('BSX', '0.0507'), ('ACN', '0.0475'), ('ALB', '0.0466'), ('CTSH', '0.0365'), ('CCL', '0.0356'), ('BA', '0.0333'), ('ALGN', '0.0282'), ('CME', '0.0264')]
2026-07-22 18:45:49,189 | Day 2026-06-03 signals: 5
2026-07-22 18:45:49,189 |   ADSK BUY strength=1.00
2026-07-22 18:45:49,189 |   EL BUY strength=0.99
2026-07-22 18:45:49,189 |   BSX BUY strength=0.98
2026-07-22 18:45:49,189 | Paper fill: buy 43 ADSK @ $229.60
2026-07-22 18:45:49,189 | Paper fill: buy 120 EL @ $82.05
2026-07-22 18:45:49,189 | Paper fill: buy 205 BSX @ $47.69
2026-07-22 18:45:49,189 | Paper fill: buy 54 ACN @ $177.43
2026-07-22 18:45:49,189 | Paper fill: buy 57 ALB @ $168.34
2026-07-22 18:45:49,866 | Model rankings: [('ALB', '0.0540'), ('EL', '0.0492'), ('ADSK', '0.0456'), ('CTSH', '0.0447'), ('ACN', '0.0399'), ('BBY', '0.0394'), ('BSX', '0.0394'), ('CPRT', '0.0392'), ('DLTR', '0.0349'), ('CASY', '0.0303')]
2026-07-22 18:45:49,867 | Day 2026-06-04 signals: 5
2026-07-22 18:45:49,867 |   CTSH BUY strength=0.97
2026-07-22 18:45:49,867 |   BBY BUY strength=0.95
2026-07-22 18:45:49,867 |   CPRT BUY strength=0.93
2026-07-22 18:45:49,867 | Paper fill: buy 16 CTSH @ $53.40
2026-07-22 18:45:49,867 | Paper fill: buy 12 BBY @ $70.99
2026-07-22 18:45:49,867 | Paper fill: buy 28 CPRT @ $30.77
2026-07-22 18:45:49,867 | Paper fill: buy 8 DLTR @ $109.27
2026-07-22 18:45:49,867 | Paper fill: buy 1 CASY @ $761.57
2026-07-22 18:45:49,867 | Day 51/82  equity=$100,437  P&L=$+437
2026-07-22 18:45:50,567 | Model rankings: [('AMD', '0.1262'), ('APH', '0.0597'), ('ADI', '0.0583'), ('ALB', '0.0559'), ('ACN', '0.0524'), ('AMAT', '0.0479'), ('ADSK', '0.0461'), ('ADBE', '0.0461'), ('CTSH', '0.0441'), ('BSX', '0.0437')]
2026-07-22 18:45:50,568 | Day 2026-06-05 signals: 10
2026-07-22 18:45:50,568 |   CPRT CLOSE strength=1.00
2026-07-22 18:45:50,568 |   DLTR CLOSE strength=1.00
2026-07-22 18:45:50,568 |   BBY CLOSE strength=1.00
2026-07-22 18:45:50,568 | Paper fill: sell 28 CPRT @ $30.96
2026-07-22 18:45:50,568 | Paper fill: sell 8 DLTR @ $108.80
2026-07-22 18:45:50,568 | Paper fill: sell 12 BBY @ $71.54
2026-07-22 18:45:50,568 | Paper fill: sell 120 EL @ $83.49
2026-07-22 18:45:50,568 | Paper fill: sell 1 CASY @ $761.91
2026-07-22 18:45:51,244 | Model rankings: [('AMD', '0.0835'), ('ALB', '0.0692'), ('AKAM', '0.0604'), ('ADBE', '0.0574'), ('ACN', '0.0566'), ('ADSK', '0.0539'), ('CTSH', '0.0435'), ('CCL', '0.0421'), ('ADI', '0.0385'), ('DLTR', '0.0354')]
2026-07-22 18:45:51,245 | Day 2026-06-08 signals: 6
2026-07-22 18:45:51,245 |   BSX CLOSE strength=1.00
2026-07-22 18:45:51,245 |   AMD BUY strength=1.00
2026-07-22 18:45:51,245 |   AKAM BUY strength=0.98
2026-07-22 18:45:51,245 | Paper fill: sell 205 BSX @ $48.70
2026-07-22 18:45:51,245 | Paper fill: buy 20 AMD @ $490.33
2026-07-22 18:45:51,245 | Paper fill: buy 68 AKAM @ $141.87
2026-07-22 18:45:51,245 | Paper fill: buy 39 ADBE @ $244.99
2026-07-22 18:45:51,245 | Paper fill: buy 343 CCL @ $27.01
2026-07-22 18:45:51,245 | Paper fill: buy 22 ADI @ $403.89
2026-07-22 18:45:51,947 | Model rankings: [('AMD', '0.1376'), ('ADBE', '0.0607'), ('AKAM', '0.0604'), ('ACN', '0.0581'), ('ADSK', '0.0539'), ('ADI', '0.0507'), ('ALB', '0.0506'), ('CTSH', '0.0390'), ('CSCO', '0.0383'), ('APA', '0.0374')]
2026-07-22 18:45:51,948 | Day 2026-06-09 signals: 6
2026-07-22 18:45:51,948 |   CCL CLOSE strength=1.00
2026-07-22 18:45:51,948 |   CSCO BUY strength=0.92
2026-07-22 18:45:51,948 |   APA BUY strength=0.91
2026-07-22 18:45:51,948 | Paper fill: sell 343 CCL @ $27.73
2026-07-22 18:45:52,680 | Model rankings: [('AMD', '0.1307'), ('ALB', '0.0712'), ('AKAM', '0.0686'), ('ADI', '0.0571'), ('ADBE', '0.0540'), ('ACN', '0.0405'), ('ADSK', '0.0397'), ('DLTR', '0.0386'), ('CAT', '0.0374'), ('CCL', '0.0360')]
2026-07-22 18:45:52,680 | Day 2026-06-10 signals: 6
2026-07-22 18:45:52,680 |   CTSH CLOSE strength=1.00
2026-07-22 18:45:52,680 |   DLTR BUY strength=0.93
2026-07-22 18:45:52,680 |   CAT BUY strength=0.92
2026-07-22 18:45:52,680 | Paper fill: sell 16 CTSH @ $51.81
2026-07-22 18:45:53,364 | Model rankings: [('AMD', '0.0835'), ('ADBE', '0.0692'), ('ADSK', '0.0669'), ('ACN', '0.0517'), ('CSGP', '0.0515'), ('EFX', '0.0503'), ('ALB', '0.0335'), ('BSX', '0.0333'), ('AKAM', '0.0332'), ('A', '0.0326')]
2026-07-22 18:45:53,365 | Day 2026-06-11 signals: 6
2026-07-22 18:45:53,365 |   ADI CLOSE strength=1.00
2026-07-22 18:45:53,365 |   CSGP BUY strength=0.96
2026-07-22 18:45:53,365 |   EFX BUY strength=0.95
2026-07-22 18:45:53,365 | Paper fill: sell 22 ADI @ $412.13
2026-07-22 18:45:54,086 | Model rankings: [('ADBE', '0.0991'), ('ADSK', '0.0692'), ('AMD', '0.0600'), ('BSX', '0.0374'), ('ACN', '0.0373'), ('AKAM', '0.0355'), ('CSGP', '0.0296'), ('EFX', '0.0292'), ('CSCO', '0.0285'), ('CRL', '0.0285')]
2026-07-22 18:45:54,087 | Day 2026-06-12 signals: 6
2026-07-22 18:45:54,087 |   ALB CLOSE strength=1.00
2026-07-22 18:45:54,087 |   BSX BUY strength=0.97
2026-07-22 18:45:54,087 |   CSGP BUY strength=0.94
2026-07-22 18:45:54,087 | Paper fill: sell 57 ALB @ $170.42
2026-07-22 18:45:54,855 | Model rankings: [('ADBE', '0.0625'), ('ACN', '0.0559'), ('CSGP', '0.0544'), ('APA', '0.0532'), ('CTSH', '0.0531'), ('AKAM', '0.0513'), ('ADSK', '0.0493'), ('ARE', '0.0350'), ('DVN', '0.0337'), ('EFX', '0.0321')]
2026-07-22 18:45:54,856 | Day 2026-06-15 signals: 6
2026-07-22 18:45:54,856 |   AMD CLOSE strength=1.00
2026-07-22 18:45:54,856 |   CSGP BUY strength=0.98
2026-07-22 18:45:54,856 |   APA BUY strength=0.97
2026-07-22 18:45:54,856 | Paper fill: sell 20 AMD @ $547.26
2026-07-22 18:45:55,611 | Model rankings: [('AMD', '0.1124'), ('AKAM', '0.0573'), ('CSGP', '0.0506'), ('ARE', '0.0499'), ('ACN', '0.0494'), ('DLTR', '0.0490'), ('CRL', '0.0478'), ('ADBE', '0.0415'), ('APA', '0.0407'), ('BBY', '0.0367')]
2026-07-22 18:45:55,612 | Day 2026-06-16 signals: 6
2026-07-22 18:45:55,612 |   ADSK CLOSE strength=1.00
2026-07-22 18:45:55,612 |   AMD BUY strength=1.00
2026-07-22 18:45:55,612 |   CSGP BUY strength=0.98
2026-07-22 18:45:55,612 | Paper fill: sell 43 ADSK @ $201.38
2026-07-22 18:45:55,612 | Paper fill: buy 19 AMD @ $507.29
2026-07-22 18:45:55,612 | Paper fill: buy 300 CSGP @ $31.97
2026-07-22 18:45:55,612 | Paper fill: buy 183 ARE @ $51.76
2026-07-22 18:45:55,612 | Paper fill: buy 84 DLTR @ $110.74
2026-07-22 18:45:55,612 | Paper fill: buy 49 CRL @ $184.79
2026-07-22 18:45:56,289 | Model rankings: [('ADBE', '0.0637'), ('ADSK', '0.0596'), ('EFX', '0.0591'), ('ARE', '0.0590'), ('ACN', '0.0559'), ('CSGP', '0.0559'), ('CTSH', '0.0529'), ('DLTR', '0.0481'), ('AKAM', '0.0472'), ('DVN', '0.0332')]
2026-07-22 18:45:56,290 | Day 2026-06-17 signals: 7
2026-07-22 18:45:56,290 |   AMD CLOSE strength=1.00
2026-07-22 18:45:56,290 |   CRL CLOSE strength=1.00
2026-07-22 18:45:56,290 |   ADSK BUY strength=0.99
2026-07-22 18:45:56,290 | Paper fill: sell 19 AMD @ $512.48
2026-07-22 18:45:56,290 | Paper fill: sell 49 CRL @ $182.34
2026-07-22 18:45:57,035 | Model rankings: [('ACN', '0.2683'), ('CTSH', '0.0614'), ('AKAM', '0.0503'), ('EFX', '0.0462'), ('ADSK', '0.0424'), ('CSGP', '0.0383'), ('APA', '0.0373'), ('ADBE', '0.0343'), ('BG', '0.0311'), ('CME', '0.0287')]
2026-07-22 18:45:57,035 | Day 2026-06-18 signals: 7
2026-07-22 18:45:57,036 |   DLTR CLOSE strength=1.00
2026-07-22 18:45:57,036 |   ARE CLOSE strength=1.00
2026-07-22 18:45:57,036 |   CTSH BUY strength=0.99
2026-07-22 18:45:57,036 | Paper fill: sell 84 DLTR @ $111.65
2026-07-22 18:45:57,036 | Paper fill: sell 183 ARE @ $51.03
2026-07-22 18:45:57,036 | Day 61/82  equity=$94,434  P&L=$-5566
2026-07-22 18:45:57,732 | Model rankings: [('ACN', '0.2286'), ('CTSH', '0.0614'), ('ADSK', '0.0567'), ('AKAM', '0.0559'), ('CSGP', '0.0559'), ('ADBE', '0.0469'), ('ARE', '0.0393'), ('ALB', '0.0362'), ('EFX', '0.0310'), ('BG', '0.0268')]
2026-07-22 18:45:57,733 | Day 2026-06-22 signals: 5
2026-07-22 18:45:57,733 |   CTSH BUY strength=0.99
2026-07-22 18:45:57,733 |   ADSK BUY strength=0.98
2026-07-22 18:45:57,733 |   ARE BUY strength=0.94
2026-07-22 18:45:58,479 | Model rankings: [('AMD', '0.1039'), ('CTSH', '0.0722'), ('ALB', '0.0596'), ('ACN', '0.0535'), ('ADI', '0.0523'), ('AKAM', '0.0510'), ('ADSK', '0.0491'), ('ADBE', '0.0491'), ('EFX', '0.0441'), ('CSGP', '0.0439')]
2026-07-22 18:45:58,479 | Day 2026-06-23 signals: 5
2026-07-22 18:45:58,479 |   AMD BUY strength=1.00
2026-07-22 18:45:58,479 |   CTSH BUY strength=0.99
2026-07-22 18:45:58,480 |   ALB BUY strength=0.98
2026-07-22 18:45:59,167 | Model rankings: [('ACN', '0.0680'), ('AMD', '0.0678'), ('CTSH', '0.0621'), ('ALB', '0.0596'), ('CASY', '0.0577'), ('ADBE', '0.0551'), ('CSGP', '0.0547'), ('AKAM', '0.0491'), ('CCL', '0.0438'), ('ADSK', '0.0431')]
2026-07-22 18:45:59,167 | Day 2026-06-24 signals: 5
2026-07-22 18:45:59,167 |   AMD BUY strength=0.99
2026-07-22 18:45:59,167 |   CTSH BUY strength=0.98
2026-07-22 18:45:59,167 |   ALB BUY strength=0.97
2026-07-22 18:45:59,908 | Model rankings: [('CTSH', '0.0614'), ('ALB', '0.0602'), ('ACN', '0.0596'), ('AKAM', '0.0582'), ('CSGP', '0.0561'), ('CCL', '0.0557'), ('ADBE', '0.0517'), ('CASY', '0.0505'), ('ADSK', '0.0384'), ('EFX', '0.0340')]
2026-07-22 18:45:59,908 | Day 2026-06-25 signals: 5
2026-07-22 18:45:59,908 |   CTSH BUY strength=1.00
2026-07-22 18:45:59,908 |   ALB BUY strength=0.99
2026-07-22 18:45:59,908 |   CCL BUY strength=0.95
2026-07-22 18:46:00,601 | Model rankings: [('ALB', '0.0614'), ('ADI', '0.0607'), ('CASY', '0.0526'), ('CTSH', '0.0526'), ('AKAM', '0.0379'), ('AMD', '0.0371'), ('CME', '0.0333'), ('CCL', '0.0309'), ('EL', '0.0296'), ('APA', '0.0289')]
2026-07-22 18:46:00,601 | Day 2026-06-26 signals: 8
2026-07-22 18:46:00,601 |   CSGP CLOSE strength=1.00
2026-07-22 18:46:00,601 |   ACN CLOSE strength=1.00
2026-07-22 18:46:00,602 |   ADBE CLOSE strength=1.00
2026-07-22 18:46:00,602 | Paper fill: sell 300 CSGP @ $30.25
2026-07-22 18:46:00,602 | Paper fill: sell 54 ACN @ $128.98
2026-07-22 18:46:00,602 | Paper fill: sell 39 ADBE @ $202.73
2026-07-22 18:46:01,322 | Model rankings: [('CTSH', '0.0614'), ('ALB', '0.0582'), ('ACN', '0.0566'), ('CSGP', '0.0490'), ('AKAM', '0.0487'), ('CASY', '0.0484'), ('CCL', '0.0458'), ('ADI', '0.0457'), ('DECK', '0.0351'), ('CCI', '0.0344')]
2026-07-22 18:46:01,323 | Day 2026-06-29 signals: 5
2026-07-22 18:46:01,323 |   CTSH BUY strength=1.00
2026-07-22 18:46:01,323 |   ALB BUY strength=0.99
2026-07-22 18:46:01,323 |   ACN BUY strength=0.98
2026-07-22 18:46:02,008 | Model rankings: [('CSGP', '0.0591'), ('ALB', '0.0539'), ('ALGN', '0.0501'), ('CCL', '0.0476'), ('CCI', '0.0384'), ('CTSH', '0.0373'), ('ADI', '0.0341'), ('DECK', '0.0333'), ('ACN', '0.0332'), ('APA', '0.0317')]
2026-07-22 18:46:02,009 | Day 2026-06-30 signals: 6
2026-07-22 18:46:02,009 |   AKAM CLOSE strength=1.00
2026-07-22 18:46:02,009 |   CSGP BUY strength=1.00
2026-07-22 18:46:02,009 |   ALB BUY strength=0.99
2026-07-22 18:46:02,009 | Paper fill: sell 68 AKAM @ $118.21
2026-07-22 18:46:02,757 | Model rankings: [('AMAT', '0.0816'), ('ADI', '0.0596'), ('AKAM', '0.0573'), ('ALB', '0.0508'), ('CCL', '0.0443'), ('CSGP', '0.0431'), ('CAT', '0.0349'), ('AMD', '0.0335'), ('CTSH', '0.0305'), ('DHI', '0.0303')]
2026-07-22 18:46:02,758 | Day 2026-07-01 signals: 5
2026-07-22 18:46:02,758 |   AMAT BUY strength=1.00
2026-07-22 18:46:02,758 |   ADI BUY strength=0.99
2026-07-22 18:46:02,758 |   AKAM BUY strength=0.98
2026-07-22 18:46:03,454 | Model rankings: [('AMAT', '0.2507'), ('ADI', '0.0614'), ('AMD', '0.0590'), ('CAT', '0.0590'), ('ALB', '0.0562'), ('CCL', '0.0537'), ('AKAM', '0.0487'), ('CCI', '0.0357'), ('APH', '0.0308'), ('CSGP', '0.0284')]
2026-07-22 18:46:03,455 | Day 2026-07-02 signals: 5
2026-07-22 18:46:03,455 |   AMAT BUY strength=1.00
2026-07-22 18:46:03,455 |   ADI BUY strength=0.99
2026-07-22 18:46:03,455 |   AMD BUY strength=0.98
2026-07-22 18:46:04,265 | Model rankings: [('AMAT', '0.2013'), ('CSGP', '0.0591'), ('CCL', '0.0528'), ('AKAM', '0.0472'), ('ALB', '0.0434'), ('CAT', '0.0425'), ('ADI', '0.0419'), ('CCI', '0.0409'), ('ARE', '0.0404'), ('AMT', '0.0304')]
2026-07-22 18:46:04,266 | Day 2026-07-06 signals: 5
2026-07-22 18:46:04,266 |   AMAT BUY strength=1.00
2026-07-22 18:46:04,266 |   CSGP BUY strength=0.99
2026-07-22 18:46:04,266 |   CCL BUY strength=0.98
2026-07-22 18:46:04,266 | Day 71/82  equity=$94,367  P&L=$-5633
2026-07-22 18:46:04,991 | Model rankings: [('AMAT', '0.2142'), ('AMD', '0.1209'), ('ALB', '0.0703'), ('CCL', '0.0582'), ('APH', '0.0549'), ('ADI', '0.0430'), ('CAT', '0.0424'), ('ARE', '0.0375'), ('AKAM', '0.0370'), ('CMCSA', '0.0280')]
2026-07-22 18:46:04,992 | Day 2026-07-07 signals: 5
2026-07-22 18:46:04,992 |   AMAT BUY strength=1.00
2026-07-22 18:46:04,992 |   AMD BUY strength=0.99
2026-07-22 18:46:04,992 |   ALB BUY strength=0.98
2026-07-22 18:46:06,295 | Model rankings: [('AMAT', '0.1720'), ('CCL', '0.0607'), ('ALB', '0.0479'), ('ALGN', '0.0444'), ('ARE', '0.0365'), ('DHI', '0.0336'), ('APH', '0.0317'), ('CAT', '0.0317'), ('ADI', '0.0305'), ('AMD', '0.0289')]
2026-07-22 18:46:06,300 | Day 2026-07-08 signals: 5
2026-07-22 18:46:06,300 |   AMAT BUY strength=1.00
2026-07-22 18:46:06,300 |   CCL BUY strength=0.99
2026-07-22 18:46:06,300 |   ALB BUY strength=0.98
2026-07-22 18:46:07,301 | Model rankings: [('AMAT', '0.1604'), ('ALB', '0.0645'), ('CAT', '0.0547'), ('APH', '0.0438'), ('CCL', '0.0340'), ('ARE', '0.0299'), ('BF.B', '0.0254'), ('DHI', '0.0249'), ('ADI', '0.0232'), ('CPRT', '0.0230')]
2026-07-22 18:46:07,302 | Day 2026-07-09 signals: 5
2026-07-22 18:46:07,302 |   AMAT BUY strength=1.00
2026-07-22 18:46:07,302 |   ALB BUY strength=0.99
2026-07-22 18:46:07,302 |   CAT BUY strength=0.98
2026-07-22 18:46:08,209 | Model rankings: [('AMAT', '0.0892'), ('ALB', '0.0783'), ('CSGP', '0.0614'), ('APH', '0.0537'), ('CCL', '0.0482'), ('CPRT', '0.0384'), ('ARE', '0.0366'), ('AKAM', '0.0294'), ('DE', '0.0241'), ('DHI', '0.0222')]
2026-07-22 18:46:08,210 | Day 2026-07-10 signals: 5
2026-07-22 18:46:08,210 |   AMAT BUY strength=1.00
2026-07-22 18:46:08,210 |   ALB BUY strength=0.99
2026-07-22 18:46:08,210 |   CSGP BUY strength=0.98
2026-07-22 18:46:08,990 | Model rankings: [('AMAT', '0.1383'), ('AMD', '0.1362'), ('ALB', '0.0631'), ('APH', '0.0581'), ('CAT', '0.0576'), ('CCL', '0.0525'), ('ADI', '0.0465'), ('CSGP', '0.0375'), ('CPRT', '0.0350'), ('ARE', '0.0313')]
2026-07-22 18:46:08,990 | Day 2026-07-13 signals: 5
2026-07-22 18:46:08,991 |   AMAT BUY strength=1.00
2026-07-22 18:46:08,991 |   AMD BUY strength=0.99
2026-07-22 18:46:08,991 |   ALB BUY strength=0.98
2026-07-22 18:46:09,816 | Model rankings: [('AMAT', '0.0860'), ('AMD', '0.0690'), ('CSGP', '0.0448'), ('CAT', '0.0372'), ('ARE', '0.0313'), ('CPRT', '0.0313'), ('BF.B', '0.0296'), ('BSX', '0.0283'), ('BAX', '0.0251'), ('DHI', '0.0246')]
2026-07-22 18:46:09,816 | Day 2026-07-14 signals: 5
2026-07-22 18:46:09,816 |   AMAT BUY strength=1.00
2026-07-22 18:46:09,816 |   AMD BUY strength=0.99
2026-07-22 18:46:09,817 |   CSGP BUY strength=0.98
2026-07-22 18:46:11,442 | Model rankings: [('AMAT', '0.1132'), ('AMD', '0.0946'), ('ALB', '0.0616'), ('AKAM', '0.0489'), ('CSGP', '0.0474'), ('CAT', '0.0428'), ('APH', '0.0393'), ('CSCO', '0.0314'), ('CPRT', '0.0277'), ('BF.B', '0.0254')]
2026-07-22 18:46:11,443 | Day 2026-07-15 signals: 5
2026-07-22 18:46:11,443 |   AMAT BUY strength=1.00
2026-07-22 18:46:11,443 |   AMD BUY strength=0.99
2026-07-22 18:46:11,443 |   ALB BUY strength=0.98
2026-07-22 18:46:12,355 | Model rankings: [('AMAT', '0.1962'), ('AMD', '0.1584'), ('CAT', '0.0652'), ('ALB', '0.0628'), ('AKAM', '0.0581'), ('APH', '0.0547'), ('ALGN', '0.0504'), ('ADI', '0.0428'), ('CSCO', '0.0332'), ('CI', '0.0261')]
2026-07-22 18:46:12,356 | Day 2026-07-16 signals: 5
2026-07-22 18:46:12,356 |   AMAT BUY strength=1.00
2026-07-22 18:46:12,356 |   AMD BUY strength=0.99
2026-07-22 18:46:12,356 |   CAT BUY strength=0.98
2026-07-22 18:46:13,160 | Model rankings: [('AMAT', '0.1840'), ('AMD', '0.1390'), ('ALGN', '0.0477'), ('ALB', '0.0409'), ('APH', '0.0343'), ('CAT', '0.0333'), ('AKAM', '0.0320'), ('CSGP', '0.0294'), ('ADI', '0.0268'), ('CSCO', '0.0248')]
2026-07-22 18:46:13,161 | Day 2026-07-17 signals: 5
2026-07-22 18:46:13,161 |   AMAT BUY strength=1.00
2026-07-22 18:46:13,161 |   AMD BUY strength=0.99
2026-07-22 18:46:13,161 |   ALGN BUY strength=0.98
2026-07-22 18:46:13,905 | Model rankings: [('AMAT', '0.1711'), ('AMD', '0.1363'), ('ALB', '0.0628'), ('CAT', '0.0574'), ('APH', '0.0487'), ('ALGN', '0.0361'), ('ADI', '0.0313'), ('CSCO', '0.0301'), ('CCL', '0.0284'), ('BAX', '0.0283')]
2026-07-22 18:46:13,906 | Day 2026-07-20 signals: 5
2026-07-22 18:46:13,906 |   AMAT BUY strength=1.00
2026-07-22 18:46:13,906 |   AMD BUY strength=0.99
2026-07-22 18:46:13,906 |   ALB BUY strength=0.98
2026-07-22 18:46:13,906 | Day 81/82  equity=$94,367  P&L=$-5633
2026-07-22 18:46:14,680 | Model rankings: [('AMAT', '0.1237'), ('AMD', '0.0625'), ('CSGP', '0.0456'), ('ALB', '0.0397'), ('CAT', '0.0360'), ('DHR', '0.0344'), ('CTSH', '0.0320'), ('ADBE', '0.0310'), ('DHI', '0.0277'), ('AKAM', '0.0265')]
2026-07-22 18:46:14,680 | Day 2026-07-21 signals: 5
2026-07-22 18:46:14,680 |   AMAT BUY strength=1.00
2026-07-22 18:46:14,680 |   AMD BUY strength=0.99
2026-07-22 18:46:14,680 |   CSGP BUY strength=0.98
2026-07-22 18:46:14,680 | ==================================================
2026-07-22 18:46:14,680 | BACKTEST COMPLETE
2026-07-22 18:46:14,680 |   Final equity: $94,366.94
2026-07-22 18:46:14,680 |   Return:       -5.63%
2026-07-22 18:46:14,680 |   Cash:         $94,366.94
2026-07-22 18:46:14,681 | ==================================================
