No .env file found. Using environment variables only.
2026-07-22 18:45:16,828 | Data feed: massive (local SQLite)
2026-07-22 18:45:16,828 | PaperBroker initialized with $100000
2026-07-22 18:45:16,828 | RiskLimits: pos=10% exposure=$50000 order=$10000 max_pos=10 cash=$5000 daily_loss=$-2000
2026-07-22 18:45:16,828 | Strategy 'ml_model' initialized: {'model_path': 'models/xgb_ranker.json', 'top_n': 10, 'entry_threshold': 0.0, 'exit_rank': 50, 'rebalance_interval': 1440}
2026-07-22 18:45:16,917 | Loaded model from models/xgb_ranker.json
2026-07-22 18:45:16,917 | Fetching 100 symbols (2026-03-24 -> 2026-07-22)...
2026-07-22 18:45:17,022 | Got 100 symbols
2026-07-22 18:45:17,612 | Day 1/82  equity=$100,000  P&L=$+0
2026-07-22 18:45:23,418 | Day 11/82  equity=$100,000  P&L=$+0
2026-07-22 18:45:29,201 | Day 21/82  equity=$100,000  P&L=$+0
2026-07-22 18:45:35,040 | Day 31/82  equity=$100,000  P&L=$+0
2026-07-22 18:45:40,997 | Day 41/82  equity=$100,000  P&L=$+0
2026-07-22 18:45:46,548 | Model rankings: [('ADSK', '0.0529'), ('EL', '0.0519'), ('BSX', '0.0507'), ('ACN', '0.0475'), ('ALB', '0.0466'), ('CTSH', '0.0365'), ('CCL', '0.0356'), ('BA', '0.0333'), ('ALGN', '0.0282'), ('CME', '0.0264')]
2026-07-22 18:45:46,549 | Day 2026-06-03 signals: 10
2026-07-22 18:45:46,549 |   ADSK BUY strength=1.00
2026-07-22 18:45:46,549 |   EL BUY strength=0.99
2026-07-22 18:45:46,549 |   BSX BUY strength=0.98
2026-07-22 18:45:46,549 | Paper fill: buy 43 ADSK @ $229.60
2026-07-22 18:45:46,549 | Paper fill: buy 120 EL @ $82.05
2026-07-22 18:45:46,549 | Paper fill: buy 205 BSX @ $47.69
2026-07-22 18:45:46,549 | Paper fill: buy 54 ACN @ $177.43
2026-07-22 18:45:46,549 | Paper fill: buy 57 ALB @ $168.34
2026-07-22 18:45:46,549 | Paper fill: buy 177 CTSH @ $53.51
2026-07-22 18:45:46,549 | Paper fill: buy 345 CCL @ $27.17
2026-07-22 18:45:46,549 | Paper fill: buy 44 BA @ $210.58
2026-07-22 18:45:46,549 | Paper fill: buy 56 ALGN @ $161.71
2026-07-22 18:45:46,549 | Paper fill: buy 36 CME @ $252.64
2026-07-22 18:45:47,212 | Model rankings: [('ALB', '0.0540'), ('EL', '0.0492'), ('ADSK', '0.0456'), ('CTSH', '0.0447'), ('ACN', '0.0399'), ('BBY', '0.0394'), ('BSX', '0.0394'), ('CPRT', '0.0392'), ('DLTR', '0.0349'), ('CASY', '0.0303')]
2026-07-22 18:45:47,213 | Day 2026-06-04 signals: 11
2026-07-22 18:45:47,213 |   CCL CLOSE strength=1.00
2026-07-22 18:45:47,213 |   BBY BUY strength=0.95
2026-07-22 18:45:47,213 |   CPRT BUY strength=0.93
2026-07-22 18:45:47,213 | Paper fill: sell 345 CCL @ $27.85
2026-07-22 18:45:47,213 | Day 51/82  equity=$101,445  P&L=$+1445
2026-07-22 18:45:47,918 | Model rankings: [('AMD', '0.1262'), ('APH', '0.0597'), ('ADI', '0.0583'), ('ALB', '0.0559'), ('ACN', '0.0524'), ('AMAT', '0.0479'), ('ADSK', '0.0461'), ('ADBE', '0.0461'), ('CTSH', '0.0441'), ('BSX', '0.0437')]
2026-07-22 18:45:47,919 | Day 2026-06-05 signals: 10
2026-07-22 18:45:47,919 |   AMD BUY strength=1.00
2026-07-22 18:45:47,919 |   APH BUY strength=0.99
2026-07-22 18:45:47,919 |   ADI BUY strength=0.98
2026-07-22 18:45:48,578 | Model rankings: [('AMD', '0.0835'), ('ALB', '0.0692'), ('AKAM', '0.0604'), ('ADBE', '0.0574'), ('ACN', '0.0566'), ('ADSK', '0.0539'), ('CTSH', '0.0435'), ('CCL', '0.0421'), ('ADI', '0.0385'), ('DLTR', '0.0354')]
2026-07-22 18:45:48,578 | Day 2026-06-08 signals: 11
2026-07-22 18:45:48,578 |   ALGN CLOSE strength=1.00
2026-07-22 18:45:48,578 |   AMD BUY strength=1.00
2026-07-22 18:45:48,578 |   AKAM BUY strength=0.98
2026-07-22 18:45:48,578 | Paper fill: sell 56 ALGN @ $172.05
2026-07-22 18:45:49,288 | Model rankings: [('AMD', '0.1376'), ('ADBE', '0.0607'), ('AKAM', '0.0604'), ('ACN', '0.0581'), ('ADSK', '0.0539'), ('ADI', '0.0507'), ('ALB', '0.0506'), ('CTSH', '0.0390'), ('CSCO', '0.0383'), ('APA', '0.0374')]
2026-07-22 18:45:49,289 | Day 2026-06-09 signals: 10
2026-07-22 18:45:49,289 |   AMD BUY strength=1.00
2026-07-22 18:45:49,289 |   ADBE BUY strength=0.99
2026-07-22 18:45:49,289 |   AKAM BUY strength=0.98
2026-07-22 18:45:49,992 | Model rankings: [('AMD', '0.1307'), ('ALB', '0.0712'), ('AKAM', '0.0686'), ('ADI', '0.0571'), ('ADBE', '0.0540'), ('ACN', '0.0405'), ('ADSK', '0.0397'), ('DLTR', '0.0386'), ('CAT', '0.0374'), ('CCL', '0.0360')]
2026-07-22 18:45:49,993 | Day 2026-06-10 signals: 11
2026-07-22 18:45:49,993 |   CME CLOSE strength=1.00
2026-07-22 18:45:49,993 |   AMD BUY strength=1.00
2026-07-22 18:45:49,993 |   AKAM BUY strength=0.98
2026-07-22 18:45:49,993 | Paper fill: sell 36 CME @ $263.80
2026-07-22 18:45:50,656 | Model rankings: [('AMD', '0.0835'), ('ADBE', '0.0692'), ('ADSK', '0.0669'), ('ACN', '0.0517'), ('CSGP', '0.0515'), ('EFX', '0.0503'), ('ALB', '0.0335'), ('BSX', '0.0333'), ('AKAM', '0.0332'), ('A', '0.0326')]
2026-07-22 18:45:50,656 | Day 2026-06-11 signals: 10
2026-07-22 18:45:50,656 |   AMD BUY strength=1.00
2026-07-22 18:45:50,656 |   ADBE BUY strength=0.99
2026-07-22 18:45:50,656 |   CSGP BUY strength=0.96
2026-07-22 18:45:51,349 | Model rankings: [('ADBE', '0.0991'), ('ADSK', '0.0692'), ('AMD', '0.0600'), ('BSX', '0.0374'), ('ACN', '0.0373'), ('AKAM', '0.0355'), ('CSGP', '0.0296'), ('EFX', '0.0292'), ('CSCO', '0.0285'), ('CRL', '0.0285')]
2026-07-22 18:45:51,350 | Day 2026-06-12 signals: 11
2026-07-22 18:45:51,350 |   EL CLOSE strength=1.00
2026-07-22 18:45:51,350 |   ADBE BUY strength=1.00
2026-07-22 18:45:51,350 |   AMD BUY strength=0.98
2026-07-22 18:45:51,350 | Paper fill: sell 120 EL @ $89.68
2026-07-22 18:45:52,052 | Model rankings: [('ADBE', '0.0625'), ('ACN', '0.0559'), ('CSGP', '0.0544'), ('APA', '0.0532'), ('CTSH', '0.0531'), ('AKAM', '0.0513'), ('ADSK', '0.0493'), ('ARE', '0.0350'), ('DVN', '0.0337'), ('EFX', '0.0321')]
2026-07-22 18:45:52,053 | Day 2026-06-15 signals: 11
2026-07-22 18:45:52,053 |   BA CLOSE strength=1.00
2026-07-22 18:45:52,053 |   ADBE BUY strength=1.00
2026-07-22 18:45:52,053 |   CSGP BUY strength=0.98
2026-07-22 18:45:52,053 | Paper fill: sell 44 BA @ $228.95
2026-07-22 18:45:52,053 | Paper fill: buy 20 ADBE @ $206.36
2026-07-22 18:45:52,053 | Paper fill: buy 134 CSGP @ $32.04
2026-07-22 18:45:52,053 | Paper fill: buy 124 APA @ $34.77
2026-07-22 18:45:52,053 | Paper fill: buy 32 AKAM @ $134.20
2026-07-22 18:45:52,053 | Paper fill: buy 82 ARE @ $52.38
2026-07-22 18:45:52,053 | Paper fill: buy 99 DVN @ $43.53
2026-07-22 18:45:52,053 | Paper fill: buy 26 EFX @ $165.13
2026-07-22 18:45:52,053 | Paper fill: buy 35 CSCO @ $120.17
2026-07-22 18:45:52,053 | Paper fill: buy 38 DLTR @ $112.88
2026-07-22 18:45:52,053 | Paper fill: buy 55 BBY @ $77.41
2026-07-22 18:45:52,784 | Model rankings: [('AMD', '0.1124'), ('AKAM', '0.0573'), ('CSGP', '0.0506'), ('ARE', '0.0499'), ('ACN', '0.0494'), ('DLTR', '0.0490'), ('CRL', '0.0478'), ('ADBE', '0.0415'), ('APA', '0.0407'), ('BBY', '0.0367')]
2026-07-22 18:45:52,784 | Day 2026-06-16 signals: 10
2026-07-22 18:45:52,784 |   AMD BUY strength=1.00
2026-07-22 18:45:52,784 |   CRL BUY strength=0.94
2026-07-22 18:45:52,784 |   ADI BUY strength=0.90
2026-07-22 18:45:53,474 | Model rankings: [('ADBE', '0.0637'), ('ADSK', '0.0596'), ('EFX', '0.0591'), ('ARE', '0.0590'), ('ACN', '0.0559'), ('CSGP', '0.0559'), ('CTSH', '0.0529'), ('DLTR', '0.0481'), ('AKAM', '0.0472'), ('DVN', '0.0332')]
2026-07-22 18:45:53,474 | Day 2026-06-17 signals: 10
2026-07-22 18:45:53,474 |   EL BUY strength=0.89
2026-07-22 18:45:53,474 |   DECK BUY strength=0.87
2026-07-22 18:45:53,474 |   BG BUY strength=0.86
2026-07-22 18:45:54,229 | Model rankings: [('ACN', '0.2683'), ('CTSH', '0.0614'), ('AKAM', '0.0503'), ('EFX', '0.0462'), ('ADSK', '0.0424'), ('CSGP', '0.0383'), ('APA', '0.0373'), ('ADBE', '0.0343'), ('BG', '0.0311'), ('CME', '0.0287')]
2026-07-22 18:45:54,229 | Day 2026-06-18 signals: 10
2026-07-22 18:45:54,229 |   BG BUY strength=0.92
2026-07-22 18:45:54,229 |   CME BUY strength=0.91
2026-07-22 18:45:54,229 |   CCI BUY strength=0.89
2026-07-22 18:45:54,229 | Day 61/82  equity=$94,295  P&L=$-5705
2026-07-22 18:45:54,950 | Model rankings: [('ACN', '0.2286'), ('CTSH', '0.0614'), ('ADSK', '0.0567'), ('AKAM', '0.0559'), ('CSGP', '0.0559'), ('ADBE', '0.0469'), ('ARE', '0.0393'), ('ALB', '0.0362'), ('EFX', '0.0310'), ('BG', '0.0268')]
2026-07-22 18:45:54,951 | Day 2026-06-22 signals: 13
2026-07-22 18:45:54,951 |   DLTR CLOSE strength=1.00
2026-07-22 18:45:54,951 |   BBY CLOSE strength=1.00
2026-07-22 18:45:54,951 |   CSCO CLOSE strength=1.00
2026-07-22 18:45:54,951 | Paper fill: sell 38 DLTR @ $113.93
2026-07-22 18:45:54,951 | Paper fill: sell 55 BBY @ $76.01
2026-07-22 18:45:54,951 | Paper fill: sell 35 CSCO @ $121.53
2026-07-22 18:45:55,690 | Model rankings: [('AMD', '0.1039'), ('CTSH', '0.0722'), ('ALB', '0.0596'), ('ACN', '0.0535'), ('ADI', '0.0523'), ('AKAM', '0.0510'), ('ADSK', '0.0491'), ('ADBE', '0.0491'), ('EFX', '0.0441'), ('CSGP', '0.0439')]
2026-07-22 18:45:55,690 | Day 2026-06-23 signals: 10
2026-07-22 18:45:55,690 |   AMD BUY strength=1.00
2026-07-22 18:45:55,690 |   ADI BUY strength=0.96
2026-07-22 18:45:55,690 |   ALGN BUY strength=0.90
2026-07-22 18:45:56,364 | Model rankings: [('ACN', '0.0680'), ('AMD', '0.0678'), ('CTSH', '0.0621'), ('ALB', '0.0596'), ('CASY', '0.0577'), ('ADBE', '0.0551'), ('CSGP', '0.0547'), ('AKAM', '0.0491'), ('CCL', '0.0438'), ('ADSK', '0.0431')]
2026-07-22 18:45:56,365 | Day 2026-06-24 signals: 10
2026-07-22 18:45:56,365 |   AMD BUY strength=0.99
2026-07-22 18:45:56,365 |   CASY BUY strength=0.96
2026-07-22 18:45:56,365 |   CCL BUY strength=0.92
2026-07-22 18:45:57,116 | Model rankings: [('CTSH', '0.0614'), ('ALB', '0.0602'), ('ACN', '0.0596'), ('AKAM', '0.0582'), ('CSGP', '0.0561'), ('CCL', '0.0557'), ('ADBE', '0.0517'), ('CASY', '0.0505'), ('ADSK', '0.0384'), ('EFX', '0.0340')]
2026-07-22 18:45:57,117 | Day 2026-06-25 signals: 11
2026-07-22 18:45:57,117 |   ARE CLOSE strength=1.00
2026-07-22 18:45:57,117 |   CCL BUY strength=0.95
2026-07-22 18:45:57,117 |   CASY BUY strength=0.93
2026-07-22 18:45:57,117 | Paper fill: sell 82 ARE @ $53.29
2026-07-22 18:45:57,813 | Model rankings: [('ALB', '0.0614'), ('ADI', '0.0607'), ('CASY', '0.0526'), ('CTSH', '0.0526'), ('AKAM', '0.0379'), ('AMD', '0.0371'), ('CME', '0.0333'), ('CCL', '0.0309'), ('EL', '0.0296'), ('APA', '0.0289')]
2026-07-22 18:45:57,813 | Day 2026-06-26 signals: 10
2026-07-22 18:45:57,813 |   ADI BUY strength=0.99
2026-07-22 18:45:57,813 |   CASY BUY strength=0.98
2026-07-22 18:45:57,813 |   AMD BUY strength=0.95
2026-07-22 18:45:58,556 | Model rankings: [('CTSH', '0.0614'), ('ALB', '0.0582'), ('ACN', '0.0566'), ('CSGP', '0.0490'), ('AKAM', '0.0487'), ('CASY', '0.0484'), ('CCL', '0.0458'), ('ADI', '0.0457'), ('DECK', '0.0351'), ('CCI', '0.0344')]
2026-07-22 18:45:58,556 | Day 2026-06-29 signals: 10
2026-07-22 18:45:58,556 |   CASY BUY strength=0.95
2026-07-22 18:45:58,556 |   CCL BUY strength=0.94
2026-07-22 18:45:58,556 |   ADI BUY strength=0.93
2026-07-22 18:45:59,243 | Model rankings: [('CSGP', '0.0591'), ('ALB', '0.0539'), ('ALGN', '0.0501'), ('CCL', '0.0476'), ('CCI', '0.0384'), ('CTSH', '0.0373'), ('ADI', '0.0341'), ('DECK', '0.0333'), ('ACN', '0.0332'), ('APA', '0.0317')]
2026-07-22 18:45:59,244 | Day 2026-06-30 signals: 10
2026-07-22 18:45:59,244 |   ALGN BUY strength=0.98
2026-07-22 18:45:59,244 |   CCL BUY strength=0.97
2026-07-22 18:45:59,244 |   CCI BUY strength=0.96
2026-07-22 18:45:59,994 | Model rankings: [('AMAT', '0.0816'), ('ADI', '0.0596'), ('AKAM', '0.0573'), ('ALB', '0.0508'), ('CCL', '0.0443'), ('CSGP', '0.0431'), ('CAT', '0.0349'), ('AMD', '0.0335'), ('CTSH', '0.0305'), ('DHI', '0.0303')]
2026-07-22 18:45:59,994 | Day 2026-07-01 signals: 12
2026-07-22 18:45:59,994 |   EFX CLOSE strength=1.00
2026-07-22 18:45:59,994 |   ADBE CLOSE strength=1.00
2026-07-22 18:45:59,994 |   AMAT BUY strength=1.00
2026-07-22 18:45:59,994 | Paper fill: sell 26 EFX @ $162.17
2026-07-22 18:45:59,994 | Paper fill: sell 20 ADBE @ $210.98
2026-07-22 18:46:00,687 | Model rankings: [('AMAT', '0.2507'), ('ADI', '0.0614'), ('AMD', '0.0590'), ('CAT', '0.0590'), ('ALB', '0.0562'), ('CCL', '0.0537'), ('AKAM', '0.0487'), ('CCI', '0.0357'), ('APH', '0.0308'), ('CSGP', '0.0284')]
2026-07-22 18:46:00,687 | Day 2026-07-02 signals: 10
2026-07-22 18:46:00,687 |   AMAT BUY strength=1.00
2026-07-22 18:46:00,687 |   ADI BUY strength=0.99
2026-07-22 18:46:00,687 |   AMD BUY strength=0.98
2026-07-22 18:46:01,404 | Model rankings: [('AMAT', '0.2013'), ('CSGP', '0.0591'), ('CCL', '0.0528'), ('AKAM', '0.0472'), ('ALB', '0.0434'), ('CAT', '0.0425'), ('ADI', '0.0419'), ('CCI', '0.0409'), ('ARE', '0.0404'), ('AMT', '0.0304')]
2026-07-22 18:46:01,404 | Day 2026-07-06 signals: 12
2026-07-22 18:46:01,404 |   ACN CLOSE strength=1.00
2026-07-22 18:46:01,404 |   ADSK CLOSE strength=1.00
2026-07-22 18:46:01,404 |   AMAT BUY strength=1.00
2026-07-22 18:46:01,404 | Paper fill: sell 54 ACN @ $136.96
2026-07-22 18:46:01,404 | Paper fill: sell 43 ADSK @ $207.54
2026-07-22 18:46:01,404 | Day 71/82  equity=$93,420  P&L=$-6580
2026-07-22 18:46:02,091 | Model rankings: [('AMAT', '0.2142'), ('AMD', '0.1209'), ('ALB', '0.0703'), ('CCL', '0.0582'), ('APH', '0.0549'), ('ADI', '0.0430'), ('CAT', '0.0424'), ('ARE', '0.0375'), ('AKAM', '0.0370'), ('CMCSA', '0.0280')]
2026-07-22 18:46:02,092 | Day 2026-07-07 signals: 11
2026-07-22 18:46:02,092 |   APA CLOSE strength=1.00
2026-07-22 18:46:02,092 |   AMAT BUY strength=1.00
2026-07-22 18:46:02,092 |   AMD BUY strength=0.99
2026-07-22 18:46:02,092 | Paper fill: sell 124 APA @ $34.00
2026-07-22 18:46:02,839 | Model rankings: [('AMAT', '0.1720'), ('CCL', '0.0607'), ('ALB', '0.0479'), ('ALGN', '0.0444'), ('ARE', '0.0365'), ('DHI', '0.0336'), ('APH', '0.0317'), ('CAT', '0.0317'), ('ADI', '0.0305'), ('AMD', '0.0289')]
2026-07-22 18:46:02,839 | Day 2026-07-08 signals: 12
2026-07-22 18:46:02,839 |   BSX CLOSE strength=1.00
2026-07-22 18:46:02,839 |   DVN CLOSE strength=1.00
2026-07-22 18:46:02,839 |   AMAT BUY strength=1.00
2026-07-22 18:46:02,839 | Paper fill: sell 205 BSX @ $44.81
2026-07-22 18:46:02,840 | Paper fill: sell 99 DVN @ $43.31
2026-07-22 18:46:03,549 | Model rankings: [('AMAT', '0.1604'), ('ALB', '0.0645'), ('CAT', '0.0547'), ('APH', '0.0438'), ('CCL', '0.0340'), ('ARE', '0.0299'), ('BF.B', '0.0254'), ('DHI', '0.0249'), ('ADI', '0.0232'), ('CPRT', '0.0230')]
2026-07-22 18:46:03,550 | Day 2026-07-09 signals: 10
2026-07-22 18:46:03,550 |   AMAT BUY strength=1.00
2026-07-22 18:46:03,550 |   CAT BUY strength=0.98
2026-07-22 18:46:03,550 |   APH BUY strength=0.97
2026-07-22 18:46:04,337 | Model rankings: [('AMAT', '0.0892'), ('ALB', '0.0783'), ('CSGP', '0.0614'), ('APH', '0.0537'), ('CCL', '0.0482'), ('CPRT', '0.0384'), ('ARE', '0.0366'), ('AKAM', '0.0294'), ('DE', '0.0241'), ('DHI', '0.0222')]
2026-07-22 18:46:04,338 | Day 2026-07-10 signals: 10
2026-07-22 18:46:04,338 |   AMAT BUY strength=1.00
2026-07-22 18:46:04,338 |   APH BUY strength=0.97
2026-07-22 18:46:04,338 |   CCL BUY strength=0.96
2026-07-22 18:46:05,070 | Model rankings: [('AMAT', '0.1383'), ('AMD', '0.1362'), ('ALB', '0.0631'), ('APH', '0.0581'), ('CAT', '0.0576'), ('CCL', '0.0525'), ('ADI', '0.0465'), ('CSGP', '0.0375'), ('CPRT', '0.0350'), ('ARE', '0.0313')]
2026-07-22 18:46:05,071 | Day 2026-07-13 signals: 10
2026-07-22 18:46:05,071 |   AMAT BUY strength=1.00
2026-07-22 18:46:05,071 |   AMD BUY strength=0.99
2026-07-22 18:46:05,071 |   APH BUY strength=0.97
2026-07-22 18:46:06,499 | Model rankings: [('AMAT', '0.0860'), ('AMD', '0.0690'), ('CSGP', '0.0448'), ('CAT', '0.0372'), ('ARE', '0.0313'), ('CPRT', '0.0313'), ('BF.B', '0.0296'), ('BSX', '0.0283'), ('BAX', '0.0251'), ('DHI', '0.0246')]
2026-07-22 18:46:06,499 | Day 2026-07-14 signals: 10
2026-07-22 18:46:06,499 |   AMAT BUY strength=1.00
2026-07-22 18:46:06,500 |   AMD BUY strength=0.99
2026-07-22 18:46:06,500 |   CAT BUY strength=0.97
2026-07-22 18:46:07,387 | Model rankings: [('AMAT', '0.1132'), ('AMD', '0.0946'), ('ALB', '0.0616'), ('AKAM', '0.0489'), ('CSGP', '0.0474'), ('CAT', '0.0428'), ('APH', '0.0393'), ('CSCO', '0.0314'), ('CPRT', '0.0277'), ('BF.B', '0.0254')]
2026-07-22 18:46:07,388 | Day 2026-07-15 signals: 10
2026-07-22 18:46:07,388 |   AMAT BUY strength=1.00
2026-07-22 18:46:07,388 |   AMD BUY strength=0.99
2026-07-22 18:46:07,388 |   CAT BUY strength=0.95
2026-07-22 18:46:08,271 | Model rankings: [('AMAT', '0.1962'), ('AMD', '0.1584'), ('CAT', '0.0652'), ('ALB', '0.0628'), ('AKAM', '0.0581'), ('APH', '0.0547'), ('ALGN', '0.0504'), ('ADI', '0.0428'), ('CSCO', '0.0332'), ('CI', '0.0261')]
2026-07-22 18:46:08,272 | Day 2026-07-16 signals: 10
2026-07-22 18:46:08,272 |   AMAT BUY strength=1.00
2026-07-22 18:46:08,272 |   AMD BUY strength=0.99
2026-07-22 18:46:08,272 |   CAT BUY strength=0.98
2026-07-22 18:46:09,046 | Model rankings: [('AMAT', '0.1840'), ('AMD', '0.1390'), ('ALGN', '0.0477'), ('ALB', '0.0409'), ('APH', '0.0343'), ('CAT', '0.0333'), ('AKAM', '0.0320'), ('CSGP', '0.0294'), ('ADI', '0.0268'), ('CSCO', '0.0248')]
2026-07-22 18:46:09,047 | Day 2026-07-17 signals: 10
2026-07-22 18:46:09,047 |   AMAT BUY strength=1.00
2026-07-22 18:46:09,047 |   AMD BUY strength=0.99
2026-07-22 18:46:09,047 |   ALGN BUY strength=0.98
2026-07-22 18:46:09,816 | Model rankings: [('AMAT', '0.1711'), ('AMD', '0.1363'), ('ALB', '0.0628'), ('CAT', '0.0574'), ('APH', '0.0487'), ('ALGN', '0.0361'), ('ADI', '0.0313'), ('CSCO', '0.0301'), ('CCL', '0.0284'), ('BAX', '0.0283')]
2026-07-22 18:46:09,817 | Day 2026-07-20 signals: 10
2026-07-22 18:46:09,817 |   AMAT BUY strength=1.00
2026-07-22 18:46:09,817 |   AMD BUY strength=0.99
2026-07-22 18:46:09,817 |   CAT BUY strength=0.97
2026-07-22 18:46:09,817 | Day 81/82  equity=$94,100  P&L=$-5900
2026-07-22 18:46:11,439 | Model rankings: [('AMAT', '0.1237'), ('AMD', '0.0625'), ('CSGP', '0.0456'), ('ALB', '0.0397'), ('CAT', '0.0360'), ('DHR', '0.0344'), ('CTSH', '0.0320'), ('ADBE', '0.0310'), ('DHI', '0.0277'), ('AKAM', '0.0265')]
2026-07-22 18:46:11,440 | Day 2026-07-21 signals: 10
2026-07-22 18:46:11,440 |   AMAT BUY strength=1.00
2026-07-22 18:46:11,440 |   AMD BUY strength=0.99
2026-07-22 18:46:11,440 |   CAT BUY strength=0.96
2026-07-22 18:46:11,440 | ==================================================
2026-07-22 18:46:11,440 | BACKTEST COMPLETE
2026-07-22 18:46:11,440 |   Final equity: $93,843.78
2026-07-22 18:46:11,440 |   Return:       -6.16%
2026-07-22 18:46:11,440 |   Cash:         $71,543.81
2026-07-22 18:46:11,440 | ==================================================
