---
source: tests/controls.rs
expression: "visual_state_matrix(Theme::WarmWhite, DisplayMode::Standard, 120, 36)"
---
THEME WarmWhite | MODE Standard
=== NONE ===


      ┌CONFIRM ACTION────────────────────────────────────────────────────────────────────────────────────────────┐
      │Action: note.add                                                                                          │
      │Level: NONE | READY                                                                                       │
      │                                                                                                          │
      │> [CANCEL]   [CONFIRM]                                                                                    │
      │Left/Right select | Enter apply | Esc cancel                                                              │
      │                                                                                                          │
      │                                                                                                          │
      │                                                                                                          │
      │                                                                                                          │
      │                                                                                                          │
      │                                                                                                          │
      │                                [ CANCEL ]                    [ CONTINUE ]                                │
      └──────────────────────────────────────────────────────────────────────────────────────────────────────────┘


=== CONFIRM ===


      ┌CONFIRM ACTION────────────────────────────────────────────────────────────────────────────────────────────┐
      │Action: approval.approve                                                                                  │
      │Level: CONFIRM | FIRST STEP                                                                               │
      │                                                                                                          │
      │> [CANCEL]   [CONFIRM]                                                                                    │
      │Left/Right select | Enter apply | Esc cancel                                                              │
      │                                                                                                          │
      │                                                                                                          │
      │                                                                                                          │
      │                                                                                                          │
      │                                                                                                          │
      │                                                                                                          │
      │                                [ CANCEL ]                    [ CONTINUE ]                                │
      └──────────────────────────────────────────────────────────────────────────────────────────────────────────┘


=== DOUBLE CONFIRM ===


      ┌CONFIRM ACTION────────────────────────────────────────────────────────────────────────────────────────────┐
      │Action: trading.emergency-stop                                                                            │
      │Level: DOUBLE CONFIRM | FIRST STEP                                                                        │
      │                                                                                                          │
      │> [CANCEL]   [CONFIRM]                                                                                    │
      │Left/Right select | Enter apply | Esc cancel                                                              │
      │                                                                                                          │
      │                                                                                                          │
      │                                                                                                          │
      │                                                                                                          │
      │                                                                                                          │
      │                                                                                                          │
      │                                [ CANCEL ]                    [ CONTINUE ]                                │
      └──────────────────────────────────────────────────────────────────────────────────────────────────────────┘


=== TYPED LIVE ===


      ┌CONFIRM ACTION────────────────────────────────────────────────────────────────────────────────────────────┐
      │Action: mode.enable-live                                                                                  │
      │Level: TYPE ENABLE LIVE | FIRST STEP                                                                      │
      │Type exactly: ENABLE LIVE | Input:                                                                        │
      │                                                                                                          │
      │> [CANCEL]   [CONFIRM]                                                                                    │
      │Left/Right select | Enter apply | Esc cancel                                                              │
      │                                                                                                          │
      │                                                                                                          │
      │                                                                                                          │
      │                                                                                                          │
      │                                                                                                          │
      │                                [ CANCEL ]                    [ CONTINUE ]                                │
      └──────────────────────────────────────────────────────────────────────────────────────────────────────────┘


=== DISABLED REASON ===


      ┌CONTROL UNAVAILABLE───────────────────────────────────────────────────────────────────────────────────────┐
      │Restore                                                                                                   │
      │                                                                                                          │
      │Reason: Validated restore preview is unavailable.                                                         │
      │                                                                                                          │
      │Enter or Esc closes                                                                                       │
      │                                                                                                          │
      │                                                                                                          │
      │                                                                                                          │
      │                                                                                                          │
      │                                                                                                          │
      │                                                                                                          │
      │                                                 [ CLOSE ]                                                │
      └──────────────────────────────────────────────────────────────────────────────────────────────────────────┘


=== STALE REJECTED ===


      ┌CONTROL UNAVAILABLE───────────────────────────────────────────────────────────────────────────────────────┐
      │Controls Updated                                                                                          │
      │                                                                                                          │
      │Reason: Controller controls changed. Review the action again.                                             │
      │                                                                                                          │
      │Enter or Esc closes                                                                                       │
      │                                                                                                          │
      │                                                                                                          │
      │                                                                                                          │
      │                                                                                                          │
      │                                                                                                          │
      │                                                                                                          │
      │                                                 [ CLOSE ]                                                │
      └──────────────────────────────────────────────────────────────────────────────────────────────────────────┘


=== RECEIPT REJECTED ===
┌RUNTIME & MARKET - CONTROLLER─────────────────────────────────────────────────────────────────────────────────────────┐
│MODE UNKNOWN / UNAVAILABLE | DATA UNAVAILABLE | AGE UNAVAILABLE                                                       │
│TIME 2026-08-02 20:00:00 EDT | MARKET Unavailable                                                                     │
│REGIME Unavailable | CONFIDENCE UNAVAILABLE | PORTFOLIO UNAVAILABLE                                                   │
│REBALANCE UNAVAILABLE | BLOCKERS UNAVAILABLE                                                                          │
│ALERTS NONE / OPEN 0 | AGENT UNAVAILABLE | QWEN Unavailable...                                                        │
└──────────────────────────────────────────────────────────────────────────────────────────────────────────────────────┘
┌NAVIGATION────────────────────────────────────────────────────────────────────────────────────────────────────────────┐
│1 Impact | 2 Portfolio | 3 Orders | 4 Agents | 5 Models & Regime | 6 Timeline | [7 Risk & Approvals] | 8 Data &       │
│Evidence | 9 Memory | 0 System                                                                                        │
└──────────────────────────────────────────────────────────────────────────────────────────────────────────────────────┘
┌ALERTS────────────────────────────────────────────────────────────────────────────────────────────────────────────────┐
│[OK] HEALTHY - No active alerts.                                                                                      │
│                                                                                                                      │
└──────────────────────────────────────────────────────────────────────────────────────────────────────────────────────┘
┌RISK LIMITS──────────────────────────────────────────────────────┐┌> APPROVALS────────────────────────────────────────┐
│[OK] WITHIN limit:concentration | Current 0.10 | Proposed        ││> [~] PENDING approval:1 | 2026-08-02 20:00:00 EDT │
│UNAVAILABLE                                                      ││| Review required | Evidence evidence:1            │
│PROPOSAL UNAVAILABLE | REVIEW NOT REQUIRED                       ││SYMBOLS AAPL                                       │
│EVIDENCE NONE                                                    ││AAPL 10.0% -> 11.0%                                │
└─────────────────────────────────────────────────────────────────┘└───────────────────────────────────────────────────┘
┌ALERTS───────────────────────────────────────────────────────────┐┌RISK METRICS───────────────────────────────────────┐
│[~] WAITING alert:1 | Approval waiting | Created 2026-08-02      ││CIRCUIT BREAKER: ARMED | 2026-08-02 20:00:00 EDT   │
│20:00:00 EDT | Open                                              ││REASON UNAVAILABLE                                 │
│                                                                 ││BLOCKED ACTIONS                                    │
└─────────────────────────────────────────────────────────────────┘└───────────────────────────────────────────────────┘
┌CONTROLS - click or : menu────────────────────────────────────────────────────────────────────────────────────────────┐
│ [x] Add Note              [x] Pause Trading         [x] Emergency Stop        [ ] Approve                            │
│ [x] Hold                  [x] Reject                [x] Rework                [x] Dismiss Alert                      │
│ [x] Reset Layout          [ ] Lock TUI                                                                               │
│Receipt cmd:PID:TICKS:COUNT REJECTED - Control state changed. | Timeline: cmd:PID:TICKS:COUNT│
│                                                                                                                      │
└──────────────────────────────────────────────────────────────────────────────────────────────────────────────────────┘
┌KEYS & STATUS─────────────────────────────────────────────────────────────────────────────────────────────────────────┐
│Up/Down Rows | Left/Right Panels | o Open | q Close | f Filter                                                        │
└──────────────────────────────────────────────────────────────────────────────────────────────────────────────────────┘
=== RECEIPT RUNNING ===
┌RUNTIME & MARKET - CONTROLLER─────────────────────────────────────────────────────────────────────────────────────────┐
│MODE UNKNOWN / UNAVAILABLE | DATA UNAVAILABLE | AGE UNAVAILABLE                                                       │
│TIME 2026-08-02 20:00:00 EDT | MARKET Unavailable                                                                     │
│REGIME Unavailable | CONFIDENCE UNAVAILABLE | PORTFOLIO UNAVAILABLE                                                   │
│REBALANCE UNAVAILABLE | BLOCKERS UNAVAILABLE                                                                          │
│ALERTS NONE / OPEN 0 | AGENT UNAVAILABLE | QWEN Unavailable...                                                        │
└──────────────────────────────────────────────────────────────────────────────────────────────────────────────────────┘
┌NAVIGATION────────────────────────────────────────────────────────────────────────────────────────────────────────────┐
│1 Impact | 2 Portfolio | 3 Orders | 4 Agents | 5 Models & Regime | 6 Timeline | [7 Risk & Approvals] | 8 Data &       │
│Evidence | 9 Memory | 0 System                                                                                        │
└──────────────────────────────────────────────────────────────────────────────────────────────────────────────────────┘
┌ALERTS────────────────────────────────────────────────────────────────────────────────────────────────────────────────┐
│[OK] HEALTHY - No active alerts.                                                                                      │
│                                                                                                                      │
└──────────────────────────────────────────────────────────────────────────────────────────────────────────────────────┘
┌RISK LIMITS──────────────────────────────────────────────────────┐┌> APPROVALS────────────────────────────────────────┐
│[OK] WITHIN limit:concentration | Current 0.10 | Proposed        ││> [~] PENDING approval:1 | 2026-08-02 20:00:00 EDT │
│UNAVAILABLE                                                      ││| Review required | Evidence evidence:1            │
│PROPOSAL UNAVAILABLE | REVIEW NOT REQUIRED                       ││SYMBOLS AAPL                                       │
│EVIDENCE NONE                                                    ││AAPL 10.0% -> 11.0%                                │
└─────────────────────────────────────────────────────────────────┘└───────────────────────────────────────────────────┘
┌ALERTS───────────────────────────────────────────────────────────┐┌RISK METRICS───────────────────────────────────────┐
│[~] WAITING alert:1 | Approval waiting | Created 2026-08-02      ││CIRCUIT BREAKER: ARMED | 2026-08-02 20:00:00 EDT   │
│20:00:00 EDT | Open                                              ││REASON UNAVAILABLE                                 │
│                                                                 ││BLOCKED ACTIONS                                    │
└─────────────────────────────────────────────────────────────────┘└───────────────────────────────────────────────────┘
┌CONTROLS - click or : menu────────────────────────────────────────────────────────────────────────────────────────────┐
│ [x] Add Note              [x] Pause Trading         [x] Emergency Stop        [ ] Approve                            │
│ [x] Hold                  [x] Reject                [x] Rework                [x] Dismiss Alert                      │
│ [x] Reset Layout          [ ] Lock TUI                                                                               │
│Receipt cmd:PID:TICKS:COUNT RUNNING - Command is running. | Timeline: cmd:PID:TICKS:COUNT│
│                                                                                                                      │
└──────────────────────────────────────────────────────────────────────────────────────────────────────────────────────┘
┌KEYS & STATUS─────────────────────────────────────────────────────────────────────────────────────────────────────────┐
│Up/Down Rows | Left/Right Panels | o Open | q Close | f Filter                                                        │
└──────────────────────────────────────────────────────────────────────────────────────────────────────────────────────┘
=== RECEIPT COMPLETED ===
┌RUNTIME & MARKET - CONTROLLER─────────────────────────────────────────────────────────────────────────────────────────┐
│MODE UNKNOWN / UNAVAILABLE | DATA UNAVAILABLE | AGE UNAVAILABLE                                                       │
│TIME 2026-08-02 20:00:00 EDT | MARKET Unavailable                                                                     │
│REGIME Unavailable | CONFIDENCE UNAVAILABLE | PORTFOLIO UNAVAILABLE                                                   │
│REBALANCE UNAVAILABLE | BLOCKERS UNAVAILABLE                                                                          │
│ALERTS NONE / OPEN 0 | AGENT UNAVAILABLE | QWEN Unavailable...                                                        │
└──────────────────────────────────────────────────────────────────────────────────────────────────────────────────────┘
┌NAVIGATION────────────────────────────────────────────────────────────────────────────────────────────────────────────┐
│1 Impact | 2 Portfolio | 3 Orders | 4 Agents | 5 Models & Regime | 6 Timeline | [7 Risk & Approvals] | 8 Data &       │
│Evidence | 9 Memory | 0 System                                                                                        │
└──────────────────────────────────────────────────────────────────────────────────────────────────────────────────────┘
┌ALERTS────────────────────────────────────────────────────────────────────────────────────────────────────────────────┐
│[OK] HEALTHY - No active alerts.                                                                                      │
│                                                                                                                      │
└──────────────────────────────────────────────────────────────────────────────────────────────────────────────────────┘
┌RISK LIMITS──────────────────────────────────────────────────────┐┌> APPROVALS────────────────────────────────────────┐
│[OK] WITHIN limit:concentration | Current 0.10 | Proposed        ││> [~] PENDING approval:1 | 2026-08-02 20:00:00 EDT │
│UNAVAILABLE                                                      ││| Review required | Evidence evidence:1            │
│PROPOSAL UNAVAILABLE | REVIEW NOT REQUIRED                       ││SYMBOLS AAPL                                       │
│EVIDENCE NONE                                                    ││AAPL 10.0% -> 11.0%                                │
└─────────────────────────────────────────────────────────────────┘└───────────────────────────────────────────────────┘
┌ALERTS───────────────────────────────────────────────────────────┐┌RISK METRICS───────────────────────────────────────┐
│[~] WAITING alert:1 | Approval waiting | Created 2026-08-02      ││CIRCUIT BREAKER: ARMED | 2026-08-02 20:00:00 EDT   │
│20:00:00 EDT | Open                                              ││REASON UNAVAILABLE                                 │
│                                                                 ││BLOCKED ACTIONS                                    │
└─────────────────────────────────────────────────────────────────┘└───────────────────────────────────────────────────┘
┌CONTROLS - click or : menu────────────────────────────────────────────────────────────────────────────────────────────┐
│ [x] Add Note              [x] Pause Trading         [x] Emergency Stop        [ ] Approve                            │
│ [x] Hold                  [x] Reject                [x] Rework                [x] Dismiss Alert                      │
│ [x] Reset Layout          [ ] Lock TUI                                                                               │
│Receipt cmd:PID:TICKS:COUNT COMPLETED - Approval was recorded. | Timeline: cmd:PID:TICKS:COUNT│
│                                                                                                                      │
└──────────────────────────────────────────────────────────────────────────────────────────────────────────────────────┘
┌KEYS & STATUS─────────────────────────────────────────────────────────────────────────────────────────────────────────┐
│Up/Down Rows | Left/Right Panels | o Open | q Close | f Filter                                                        │
└──────────────────────────────────────────────────────────────────────────────────────────────────────────────────────┘
=== RECEIPT FAILED ===
┌RUNTIME & MARKET - CONTROLLER─────────────────────────────────────────────────────────────────────────────────────────┐
│MODE UNKNOWN / UNAVAILABLE | DATA UNAVAILABLE | AGE UNAVAILABLE                                                       │
│TIME 2026-08-02 20:00:00 EDT | MARKET Unavailable                                                                     │
│REGIME Unavailable | CONFIDENCE UNAVAILABLE | PORTFOLIO UNAVAILABLE                                                   │
│REBALANCE UNAVAILABLE | BLOCKERS UNAVAILABLE                                                                          │
│ALERTS NONE / OPEN 0 | AGENT UNAVAILABLE | QWEN Unavailable...                                                        │
└──────────────────────────────────────────────────────────────────────────────────────────────────────────────────────┘
┌NAVIGATION────────────────────────────────────────────────────────────────────────────────────────────────────────────┐
│1 Impact | 2 Portfolio | 3 Orders | 4 Agents | 5 Models & Regime | 6 Timeline | [7 Risk & Approvals] | 8 Data &       │
│Evidence | 9 Memory | 0 System                                                                                        │
└──────────────────────────────────────────────────────────────────────────────────────────────────────────────────────┘
┌ALERTS────────────────────────────────────────────────────────────────────────────────────────────────────────────────┐
│[OK] HEALTHY - No active alerts.                                                                                      │
│                                                                                                                      │
└──────────────────────────────────────────────────────────────────────────────────────────────────────────────────────┘
┌RISK LIMITS──────────────────────────────────────────────────────┐┌> APPROVALS────────────────────────────────────────┐
│[OK] WITHIN limit:concentration | Current 0.10 | Proposed        ││> [~] PENDING approval:1 | 2026-08-02 20:00:00 EDT │
│UNAVAILABLE                                                      ││| Review required | Evidence evidence:1            │
│PROPOSAL UNAVAILABLE | REVIEW NOT REQUIRED                       ││SYMBOLS AAPL                                       │
│EVIDENCE NONE                                                    ││AAPL 10.0% -> 11.0%                                │
└─────────────────────────────────────────────────────────────────┘└───────────────────────────────────────────────────┘
┌ALERTS───────────────────────────────────────────────────────────┐┌RISK METRICS───────────────────────────────────────┐
│[~] WAITING alert:1 | Approval waiting | Created 2026-08-02      ││CIRCUIT BREAKER: ARMED | 2026-08-02 20:00:00 EDT   │
│20:00:00 EDT | Open                                              ││REASON UNAVAILABLE                                 │
│                                                                 ││BLOCKED ACTIONS                                    │
└─────────────────────────────────────────────────────────────────┘└───────────────────────────────────────────────────┘
┌CONTROLS - click or : menu────────────────────────────────────────────────────────────────────────────────────────────┐
│ [x] Add Note              [x] Pause Trading         [x] Emergency Stop        [ ] Approve                            │
│ [x] Hold                  [x] Reject                [x] Rework                [x] Dismiss Alert                      │
│ [x] Reset Layout          [ ] Lock TUI                                                                               │
│Receipt cmd:PID:TICKS:COUNT FAILED - Command failed safely. | Timeline: cmd:PID:TICKS:COUNT│
│                                                                                                                      │
└──────────────────────────────────────────────────────────────────────────────────────────────────────────────────────┘
┌KEYS & STATUS─────────────────────────────────────────────────────────────────────────────────────────────────────────┐
│Up/Down Rows | Left/Right Panels | o Open | q Close | f Filter                                                        │
└──────────────────────────────────────────────────────────────────────────────────────────────────────────────────────┘
=== VIEWER ===
┌RUNTIME & MARKET - READ ONLY──────────────────────────────────────────────────────────────────────────────────────────┐
│MODE UNKNOWN / UNAVAILABLE | DATA UNAVAILABLE | AGE UNAVAILABLE                                                       │
│TIME 2026-08-02 20:00:00 EDT | MARKET Unavailable                                                                     │
│REGIME Unavailable | CONFIDENCE UNAVAILABLE | PORTFOLIO UNAVAILABLE                                                   │
│REBALANCE UNAVAILABLE | BLOCKERS UNAVAILABLE                                                                          │
│ALERTS NONE / OPEN 0 | AGENT UNAVAILABLE | QWEN Unavailable...                                                        │
└──────────────────────────────────────────────────────────────────────────────────────────────────────────────────────┘
┌NAVIGATION────────────────────────────────────────────────────────────────────────────────────────────────────────────┐
│[1 Impact] | 2 Portfolio | 3 Orders | 4 Agents | 5 Models & Regime | 6 Timeline | 7 Risk & Approvals | 8 Data &       │
│Evidence | 9 Memory | 0 System                                                                                        │
└──────────────────────────────────────────────────────────────────────────────────────────────────────────────────────┘
┌ALERTS────────────────────────────────────────────────────────────────────────────────────────────────────────────────┐
│[OK] HEALTHY - No active alerts.                                                                                      │
│                                                                                                                      │
└──────────────────────────────────────────────────────────────────────────────────────────────────────────────────────┘
┌HOLDINGS────────────────────────────────────────────────────────────────────┐┌IMPACT FEED─────────────────────────────┐
│  Symbol             Current            Proposed          Approved          ││[>] ACTIVE 2026-08-02 20:00:00 EDT  AAPL│
│  AAPL               10.00%             11.00%            -                 ││review started                          │
│                                                                            ││                                        │
│                                                                            ││                                        │
│                                                                            ││                                        │
│                                                                            │└────────────────────────────────────────┘
│                                                                            │┌AGENT WORK──────────────────────────────┐
│                                                                            ││Agent      Task            Stage    P   │
│                                                                            ││[ ] portfo Review AAPL     RUNNING  10  │
└────────────────────────────────────────────────────────────────────────────┘└────────────────────────────────────────┘
┌CONTROLS - click or : menu────────────────────────────────────────────────────────────────────────────────────────────┐
│ [x] Dismiss Alert         [x] Reset Layout          [ ] Take Control          [ ] Lock TUI                           │
│ [ ] Grow Primary Panel    [ ] Shrink Primary Panel  [ ] Toggle Table Columns                                         │
│                                                                                                                      │
│                                                                                                                      │
│                                                                                                                      │
└──────────────────────────────────────────────────────────────────────────────────────────────────────────────────────┘
┌KEYS & STATUS─────────────────────────────────────────────────────────────────────────────────────────────────────────┐
│Up/Down Holdings | o Open | q Close | f Filter                                                                        │
└──────────────────────────────────────────────────────────────────────────────────────────────────────────────────────┘
