---
source: tests/empty_states.rs
expression: render_text(&state)
---
┌RUNTIME & MARKET - CONTROLLER─────────────────────────────────────────────────────────────────────────────────────────────────────────────────────────────────┐
│MODE UNKNOWN / UNAVAILABLE | DATA UNAVAILABLE | AGE UNAVAILABLE                                                                                               │
│TIME 2026-08-02 20:00:00 EDT | MARKET Unavailable                                                                                                             │
│REGIME Unavailable | CONFIDENCE UNAVAILABLE | PORTFOLIO UNAVAILABLE                                                                                           │
│REBALANCE UNAVAILABLE | BLOCKERS UNAVAILABLE                                                                                                                  │
│ALERTS NONE / OPEN 0 | AGENT UNAVAILABLE | QWEN Unavailable...                                                                                                │
└──────────────────────────────────────────────────────────────────────────────────────────────────────────────────────────────────────────────────────────────┘
┌NAVIGATION────────────────────────────────────────────────────────────────────────────────────────────────────────────────────────────────────────────────────┐
│[1 Impact] | 2 Portfolio | 3 Orders | 4 Agents | 5 Models & Regime | 6 Timeline | 7 Risk & Approvals | 8 Data & Evidence | 9 Memory | 0 System                │
│                                                                                                                                                              │
└──────────────────────────────────────────────────────────────────────────────────────────────────────────────────────────────────────────────────────────────┘
┌ALERTS────────────────────────────────────────────────────────────────────────────────────────────────────────────────────────────────────────────────────────┐
│[OK] HEALTHY - No active alerts.                                                                                                                              │
│                                                                                                                                                              │
└──────────────────────────────────────────────────────────────────────────────────────────────────────────────────────────────────────────────────────────────┘
┌HOLDINGS──────────────────────────────────────────────────────────────────────────────────────────────┐┌IMPACT FEED───────────────────────────────────────────┐
│No holdings reported.                                                                                 ││No impact events reported.                            │
│                                                                                                      ││                                                      │
│                                                                                                      ││                                                      │
│                                                                                                      ││                                                      │
│                                                                                                      ││                                                      │
│                                                                                                      ││                                                      │
│                                                                                                      ││                                                      │
│                                                                                                      ││                                                      │
│                                                                                                      ││                                                      │
│                                                                                                      ││                                                      │
│                                                                                                      ││                                                      │
│                                                                                                      ││                                                      │
│                                                                                                      │└──────────────────────────────────────────────────────┘
│                                                                                                      │┌AGENT WORK────────────────────────────────────────────┐
│                                                                                                      ││No agent work reported.                               │
│                                                                                                      ││                                                      │
│                                                                                                      ││                                                      │
│                                                                                                      ││                                                      │
│                                                                                                      ││                                                      │
│                                                                                                      ││                                                      │
│                                                                                                      ││                                                      │
└──────────────────────────────────────────────────────────────────────────────────────────────────────┘└──────────────────────────────────────────────────────┘
┌CONTROLS - click or : menu────────────────────────────────────────────────────────────────────────────────────────────────────────────────────────────────────┐
│ [x] Add Note              [x] Dismiss Alert         [x] Reset Layout          [ ] Lock TUI              [ ] Grow Primary Panel    [ ] Shrink Primary Panel   │
│ [ ] Toggle Table Columns                                                                                                                                     │
│                                                                                                                                                              │
│                                                                                                                                                              │
│                                                                                                                                                              │
└──────────────────────────────────────────────────────────────────────────────────────────────────────────────────────────────────────────────────────────────┘
┌KEYS & STATUS─────────────────────────────────────────────────────────────────────────────────────────────────────────────────────────────────────────────────┐
│Up/Down Holdings | o Open | q Close | f Filter                                                                                                                │
└──────────────────────────────────────────────────────────────────────────────────────────────────────────────────────────────────────────────────────────────┘
