---
source: tests/screens_system.rs
expression: "|_, _| { render_risk_narrow(&fixture().risk, 1) } (78, 22)"
---
┌> APPROVALS - PANEL 2/4─────────────────────────────────────────────────────┐
│[~] STALE approval:stale | 2026-01-15 07:34:56 EST | Approval?reason |      │
│Evidence evidence:1                                                         │
│                                                                            │
│                                                                            │
│                                                                            │
│                                                                            │
│                                                                            │
│                                                                            │
│                                                                            │
│                                                                            │
│                                                                            │
│                                                                            │
│                                                                            │
│                                                                            │
│                                                                            │
│                                                                            │
│                                                                            │
│                                                                            │
│                                                                            │
│                                                                            │
└────────────────────────────────────────────────────────────────────────────┘
