---
source: tests/screens_market.rs
expression: wide_impact
---
┌HOLDINGS─────────────────────────────────────────────────────────────────────────────────┐┌IMPACT FEED────────────────────────────────────┐
│  Symbol                Current               Proposed              Approved             ││[>] ACTIVE 2026-08-02 20:00:00 EDT  AAPL review│
│  AAPL                  10.00%                11.00%                -                    ││started                                        │
│                                                                                         ││                                               │
│                                                                                         ││                                               │
│                                                                                         ││                                               │
│                                                                                         ││                                               │
│                                                                                         ││                                               │
│                                                                                         ││                                               │
│                                                                                         ││                                               │
│                                                                                         ││                                               │
│                                                                                         ││                                               │
│                                                                                         ││                                               │
│                                                                                         ││                                               │
│                                                                                         ││                                               │
│                                                                                         ││                                               │
│                                                                                         ││                                               │
│                                                                                         ││                                               │
│                                                                                         │└───────────────────────────────────────────────┘
│                                                                                         │┌AGENT WORK─────────────────────────────────────┐
│                                                                                         ││Agent        Task               Stage     P    │
│                                                                                         ││[ ] portfoli Review AAPL        RUNNING   10   │
│                                                                                         ││                                               │
│                                                                                         ││                                               │
│                                                                                         ││                                               │
│                                                                                         ││                                               │
│                                                                                         ││                                               │
│                                                                                         ││                                               │
│                                                                                         ││                                               │
│                                                                                         ││                                               │
│                                                                                         ││                                               │
└─────────────────────────────────────────────────────────────────────────────────────────┘└───────────────────────────────────────────────┘
