---
source: tests/screens_agents.rs
expression: "composite_snapshot(150, Theme::WarmWhite, DisplayMode::LargeText)"
---
AGENTS
┌QUEUED <────────────────────────────┐┌RUNNING────────────────────────────┐┌WAITING─────────────────────────────┐┌DONE───────────────────────────────┐
│TASK urgent queued                  ││TASK urgent running                ││TASK waiting task                   ││TASK failed task                   │
│STATUS [!] URGENT | QUEUED          ││STATUS [!] URGENT | RUNNING        ││STATUS [ ] WAITING                  ││STATUS ! FAILED                    │
│AGENT agent:queue                   ││AGENT agent:run                    ││AGENT agent:wait                    ││AGENT agent:failed                 │
│PRIORITY 1 | ELAPSED 1m 05s         ││PRIORITY 5 | ELAPSED 1m 05s        ││PRIORITY 30 | ELAPSED 1m 05s        ││PRIORITY 100 | ELAPSED 1m 05s      │
│MODEL qwen:64k                      ││MODEL qwen:64k                     ││MODEL qwen:64k                      ││MODEL qwen:64k                     │
│AREA portfolio, evidence | ID       ││AREA portfolio, evidence | ID      ││AREA portfolio, evidence | ID       ││AREA portfolio, evidence | ID      │
│work:queued-urgent                  ││work:running-urgent                ││work:waiting                        ││work:failed                        │
│                                    ││                                   ││                                    ││                                   │
│TASK normal queued                  ││                                   ││                                    ││TASK completed task                │
│STATUS [ ] QUEUED                   ││                                   ││                                    ││STATUS [ ] DONE                    │
│AGENT agent:queue                   ││                                   ││                                    ││AGENT agent:done                   │
│PRIORITY 90 | ELAPSED 1m 05s        ││                                   ││                                    ││PRIORITY 20 | ELAPSED 1m 05s       │
│MODEL qwen:64k                      ││                                   ││                                    ││MODEL qwen:64k                     │
│AREA portfolio, evidence | ID       ││                                   ││                                    ││AREA portfolio, evidence | ID      │
│work:queued-normal                  ││                                   ││                                    ││work:done                          │
│                                    ││                                   ││                                    ││                                   │
│                                    ││                                   ││                                    ││                                   │
│                                    ││                                   ││                                    ││                                   │
└────────────────────────────────────┘└───────────────────────────────────┘└────────────────────────────────────┘└───────────────────────────────────┘
┌BACKLOG─────────────────────────────────────────────────────────────────────────────────────────────────────────────────────────────────────────────┐
│TASK backlog task                                                                                                                                   │
│STATUS [ ] BACKLOG                                                                                                                                  │
│AGENT agent:backlog                                                                                                                                 │
│PRIORITY 10 | ELAPSED 1m 05s                                                                                                                        │
│MODEL qwen:64k                                                                                                                                      │
│AREA portfolio, evidence | ID work:backlog                                                                                                          │
│                                                                                                                                                    │
│                                                                                                                                                    │
└────────────────────────────────────────────────────────────────────────────────────────────────────────────────────────────────────────────────────┘

MODELS & REGIME
┌> MODEL OPINIONS / FINAL──────────────────────┐┌CANDIDATES─────────────────────────────────────────────────────┐┌EVIDENCE & METRICS─────────────────┐
│FINAL REGIME: UNAVAILABLE - controller truth  ││  candidate:evaluating | FAMILY approved-family | STRATEGY     ││METRICS                            │
│not provided                                  ││ml_model | 2026-08-02 20:00:00 EDT                             ││  metric:cpu | 12.5000 percent |   │
│OPINION CONSENSUS: UNCERTAIN                  ││STATUS EVALUATING | RETENTION POLICY UNAVAILABLE | EVIDENCE    ││FRESH | 2026-08-02 20:00:00 EDT |  │
│                                              ││evidence:evaluating                                            ││ERROR NONE                         │
│  model:macro | risk-on | 80.0%               ││                                                               ││                                   │
│2026-08-02 20:00:00 EDT                       ││                                                               ││                                   │
│                                              ││  candidate:failed | FAMILY approved-family | STRATEGY ml_model││EVIDENCE                           │
│                                              ││| 2026-08-02 20:00:00 EDT                                      ││  evidence:evaluating |            │
│  model:micro | risk-off | 60.0%              ││STATUS FAILED | RETENTION POLICY 30 DAYS | EVIDENCE            ││evaluation-receipt | SOURCE        │
│2026-08-02 20:00:00 EDT                       ││evidence:failed                                                ││controller                         │
│                                              ││                                                               ││2026-08-02 20:00:00 EDT | SHA256   │
│                                              ││                                                               ││aaaaaaaaaaaaaaaaaaaaaaaaaaaaaaaaaaa│
│                                              ││  candidate:passed | FAMILY approved-family | STRATEGY ml_model││aaaaaaaaaaaaaaaaaaaaaaaaaaaaa      │
│                                              ││| 2026-08-02 20:00:00 EDT                                      ││                                   │
│                                              ││STATUS PASSED | RETENTION POLICY 90 DAYS | EVIDENCE            ││                                   │
│                                              ││evidence:passed                                                ││  evidence:failed | gate-receipt | │
│                                              ││                                                               ││SOURCE controller                  │
│                                              ││                                                               ││2026-08-02 20:00:00 EDT | SHA256   │
│                                              ││  candidate:active | FAMILY approved-family | STRATEGY ml_model││bbbbbbbbbbbbbbbbbbbbbbbbbbbbbbbbbbb│
│                                              ││| 2026-08-02 20:00:00 EDT                                      ││bbbbbbbbbbbbbbbbbbbbbbbbbbbbb      │
│                                              ││STATUS ACTIVE | RETENTION POLICY PERMANENT | EVIDENCE          ││                                   │
│                                              ││evidence:active                                                ││                                   │
│                                              ││                                                               ││                                   │
│                                              ││                                                               ││                                   │
│                                              ││                                                               ││                                   │
│                                              ││                                                               ││                                   │
│                                              ││                                                               ││                                   │
│                                              ││                                                               ││                                   │
│                                              ││                                                               ││                                   │
│                                              ││                                                               ││                                   │
└──────────────────────────────────────────────┘└───────────────────────────────────────────────────────────────┘└───────────────────────────────────┘

TIMELINE
┌TIMELINE - IMPACT ONLY──────────────────────────────────────────────────────────────────────────────────────────────────────────────────────────────┐
│EXCLUDED BY FILTER 1 | HIDDEN BY SOURCE 7                                                                                                           │
│                                                                                                                                                    │
│[!] URGENT | 2026-08-02 20:00:00 EDT | Portfolio impact detected                                                                                    │
│ID event:impact | AGENT agent:queue | SYMBOL AAPL | MODEL model:macro | ORDER order:1 | EVIDENCE evidence:impact                                    │
│                                                                                                                                                    │
│                                                                                                                                                    │
│                                                                                                                                                    │
│                                                                                                                                                    │
│                                                                                                                                                    │
│                                                                                                                                                    │
│                                                                                                                                                    │
│                                                                                                                                                    │
│                                                                                                                                                    │
│                                                                                                                                                    │
│                                                                                                                                                    │
│                                                                                                                                                    │
└────────────────────────────────────────────────────────────────────────────────────────────────────────────────────────────────────────────────────┘
