---
source: tests/snapshots.rs
assertion_line: 605
expression: "normalized_render(120, 36, & state)"
---
┌RUNTIME & MARKET - CONTROLLER─────────────────────────────────────────────────────────────────────────────────────────┐
│MODE UNKNOWN / UNAVAILABLE | DATA UNAVAILABLE | AGE UNAVAILABLE                                                       │
│TIME 2026-01-15 07:34:56 EST | MARKET Closed                                                                          │
│REGIME UNAVAILABLE | CONFIDENCE UNAVAILABLE | PORTFOLIO UNAVAILABLE                                                   │
│REBALANCE UNAVAILABLE | BLOCKERS UNAVAILABLE                                                                          │
│ALERTS URGENT 1 / OPEN 1 | AGENT UNAVAILABLE | QWEN UNAVAILABLE                                                       │
└──────────────────────────────────────────────────────────────────────────────────────────────────────────────────────┘
┌NAVIGATION────────────────────────────────────────────────────────────────────────────────────────────────────────────┐
│[1 Impact] | 2 Portfolio | 3 Orders | 4 Agents | 5 Models & Regime | 6 Timeline | 7 Risk & Approvals | 8 Data &       │
│Evidence | 9 Memory | 0 System                                                                                        │
│                                                                                                                      │
└──────────────────────────────────────────────────────────────────────────────────────────────────────────────────────┘
┌ALERTS────────────────────────────────────────────────────────────────────────────────────────────────────────────────┐
│[!] URGENT - Immediate review required.                                                                               │
│                                                                                                                      │
└──────────────────────────────────────────────────────────────────────────────────────────────────────────────────────┘
┌SCREEN: Impact──────────────────────────────────────────────────────────────┐┌PHASE 1 AVAILABILITY────────────────────┐
│UNAVAILABLE - Phase 1 provides the secure console shell only.               ││UNAVAILABLE - Phase 1 provides the      │
│                                                                            ││secure console shell only.              │
│                                                                            ││                                        │
│                                                                            ││                                        │
│                                                                            ││                                        │
│                                                                            ││                                        │
│                                                                            ││                                        │
│                                                                            ││                                        │
│                                                                            ││                                        │
│                                                                            ││                                        │
│                                                                            ││                                        │
└────────────────────────────────────────────────────────────────────────────┘└────────────────────────────────────────┘
┌AGENT INPUT - DISABLED────────────────────────────────────────────────────────────────────────────────────────────────┐
│UNAVAILABLE - Phase 1 provides the secure console shell only.                                                         │
│                                                                                                                      │
└──────────────────────────────────────────────────────────────────────────────────────────────────────────────────────┘
┌KEYS & STATUS─────────────────────────────────────────────────────────────────────────────────────────────────────────┐
│1-9,0 Screens | q Close TUI only | Phase 1 secure shell                                                               │
└──────────────────────────────────────────────────────────────────────────────────────────────────────────────────────┘
